C51 COMPILER V9.60.7.0   MAIN                                                              09/21/2024 22:29:28 PAGE 1   


C51 COMPILER V9.60.7.0, COMPILATION OF MODULE MAIN
OBJECT MODULE PLACED IN .\Objects\main.obj
COMPILER INVOKED BY: E:\Keil\C51\BIN\C51.EXE main.c OPTIMIZE(8,SPEED) BROWSE DEBUG OBJECTEXTEND PRINT(.\Listings\main.ls
                    -t) OBJECT(.\Objects\main.obj)

line level    source

   1          #include <reg52.h>
   2          #include <intrins.h>
   3          #define uint unsigned int
   4          #define uchar unsigned char
   5          
   6          sbit SER = P3^4;
   7          sbit SCLK = P3^5; // 上升沿触发，将寄存器中的值送到端口
   8          sbit SRCLK = P3^6; // 上升沿触发，将数据送到寄存器
   9          uchar sdat = 0x01;
  10                              
  11          void delay_10us(uint z){
  12   1          while(z--);
  13   1      }
  14          
  15          void hc595_data(uchar dat){
  16   1          uint i = 0;
  17   1          for(i = 0;i < 8;i++){
  18   2              SER = dat >> 7;
  19   2              dat <<= 1;
  20   2              SRCLK = 0;
  21   2              delay_10us(1);
  22   2              SRCLK = 1;
  23   2              delay_10us(1);
  24   2          }
  25   1          SCLK = 0;
  26   1          delay_10us(1);
  27   1          SCLK = 1;
  28   1      }
  29          
  30          void main(){
  31   1          P0 = 0x00;
  32   1          while(1){
  33   2              hc595_data(0x00); // 消隐
  34   2              //delay_10us(1);
  35   2              hc595_data(sdat);
  36   2              sdat = _crol_(sdat, 1);
  37   2              delay_10us(50000);
  38   2          }
  39   1      }


MODULE INFORMATION:   STATIC OVERLAYABLE
   CODE SIZE        =     99    ----
   CONSTANT SIZE    =   ----    ----
   XDATA SIZE       =   ----    ----
   PDATA SIZE       =   ----    ----
   DATA SIZE        =      1    ----
   IDATA SIZE       =   ----    ----
   BIT SIZE         =   ----    ----
END OF MODULE INFORMATION.


C51 COMPILATION COMPLETE.  0 WARNING(S),  0 ERROR(S)
