<html>
<body>
<pre>
<h1>礦ision Build Log</h1>
<h2>Tool Versions:</h2>
IDE-Version: μVision V5.41.0.0
Copyright (C) 2024 ARM Ltd and ARM Germany GmbH. All rights reserved.
License Information: 1 Lenovo, `, LIC=21E4T-RIP5G-FWU2N-Y8IAM-W3ZTJ-2NM6N
 
Tool Versions:
Toolchain:       MDK-ARM Plus  Version: 5.41.0.0
Toolchain Path:  E:\keil_v5\keil_mdk\ARM\ARMCC\Bin
C Compiler:      Armcc.exe V5.06 update 7 (build 960)
Assembler:       Armasm.exe V5.06 update 7 (build 960)
Linker/Locator:  ArmLink.exe V5.06 update 7 (build 960)
Library Manager: ArmAr.exe V5.06 update 7 (build 960)
Hex Converter:   FromElf.exe V5.06 update 7 (build 960)
CPU DLL:         SARMCM3.DLL V5.41.0.0
Dialog DLL:      DCM.DLL V1.17.5.0
Target DLL:      CMSIS_AGDI.dll V1.33.21.0
Dialog DLL:      TCM.DLL V1.56.4.0
 
<h2>Project:</h2>
E:\keil_v5\keil_mdk\Code_proj\17-输入捕获实验\Template.uvprojx
Project File Date:  10/29/2024

<h2>Output:</h2>
*** Using Compiler 'V5.06 update 7 (build 960)', folder: 'E:\keil_v5\keil_mdk\ARM\ARMCC\Bin'
Rebuild target 'Target 1'
assembling startup_stm32f10x_hd.s...
compiling core_cm3.c...
compiling stm32f10x_gpio.c...
compiling stm32f10x_it.c...
compiling misc.c...
compiling stm32f10x_rcc.c...
compiling stm32f10x_exti.c...
compiling main.c...
User\main.c(19): warning:  #223-D: function "printf" declared implicitly
              printf("高电平持续时间：%d us\n", dat);
User\main.c: 1 warning, 0 errors
compiling system_stm32f10x.c...
compiling stm32f10x_usart.c...
compiling stm32f10x_tim.c...
compiling led.c...
compiling system.c...
compiling input.c...
compiling usart.c...
compiling SysTick.c...
linking...
Program Size: Code=4280 RO-data=336 RW-data=36 ZI-data=1228  
FromELF: creating hex file...
".\Obj\Template.axf" - 0 Error(s), 1 Warning(s).

<h2>Software Packages used:</h2>

Package Vendor: Keil
                https://www.keil.com/pack/Keil.STM32F1xx_DFP.2.4.1.pack
                Keil::STM32F1xx_DFP@2.4.1
                STMicroelectronics STM32F1 Series Device Support, Drivers and Examples

<h2>Collection of Component include folders:</h2>
  E:/keil_v5/keil_mdk/ARM/Packs/Keil/STM32F1xx_DFP/2.4.1/Device/Include

<h2>Collection of Component Files used:</h2>
Build Time Elapsed:  00:00:01
</pre>
</body>
</html>
