Component: ARM Compiler 5.06 update 7 (build 960) Tool: armlink [4d3601]

==============================================================================

Section Cross References

    startup_stm32g431xx.o(STACK) refers (Special) to heapauxi.o(.text) for __use_two_region_memory
    startup_stm32g431xx.o(HEAP) refers (Special) to heapauxi.o(.text) for __use_two_region_memory
    startup_stm32g431xx.o(RESET) refers (Special) to heapauxi.o(.text) for __use_two_region_memory
    startup_stm32g431xx.o(RESET) refers to startup_stm32g431xx.o(STACK) for __initial_sp
    startup_stm32g431xx.o(RESET) refers to startup_stm32g431xx.o(.text) for Reset_Handler
    startup_stm32g431xx.o(RESET) refers to stm32g4xx_it.o(i.NMI_Handler) for NMI_Handler
    startup_stm32g431xx.o(RESET) refers to stm32g4xx_it.o(i.HardFault_Handler) for HardFault_Handler
    startup_stm32g431xx.o(RESET) refers to stm32g4xx_it.o(i.MemManage_Handler) for MemManage_Handler
    startup_stm32g431xx.o(RESET) refers to stm32g4xx_it.o(i.BusFault_Handler) for BusFault_Handler
    startup_stm32g431xx.o(RESET) refers to stm32g4xx_it.o(i.UsageFault_Handler) for UsageFault_Handler
    startup_stm32g431xx.o(RESET) refers to stm32g4xx_it.o(i.SVC_Handler) for SVC_Handler
    startup_stm32g431xx.o(RESET) refers to stm32g4xx_it.o(i.DebugMon_Handler) for DebugMon_Handler
    startup_stm32g431xx.o(RESET) refers to stm32g4xx_it.o(i.PendSV_Handler) for PendSV_Handler
    startup_stm32g431xx.o(RESET) refers to stm32g4xx_it.o(i.SysTick_Handler) for SysTick_Handler
    startup_stm32g431xx.o(RESET) refers to stm32g4xx_it.o(i.ADC1_2_IRQHandler) for ADC1_2_IRQHandler
    startup_stm32g431xx.o(RESET) refers to stm32g4xx_it.o(i.TIM2_IRQHandler) for TIM2_IRQHandler
    startup_stm32g431xx.o(RESET) refers to stm32g4xx_it.o(i.TIM4_IRQHandler) for TIM4_IRQHandler
    startup_stm32g431xx.o(RESET) refers to stm32g4xx_it.o(i.USART1_IRQHandler) for USART1_IRQHandler
    startup_stm32g431xx.o(.text) refers (Special) to heapauxi.o(.text) for __use_two_region_memory
    startup_stm32g431xx.o(.text) refers to system_stm32g4xx.o(i.SystemInit) for SystemInit
    startup_stm32g431xx.o(.text) refers to __main.o(!!!main) for __main
    startup_stm32g431xx.o(.text) refers to startup_stm32g431xx.o(HEAP) for Heap_Mem
    startup_stm32g431xx.o(.text) refers to startup_stm32g431xx.o(STACK) for Stack_Mem
    lcd.o(i.LCD_BusIn) refers to rt_memclr_w.o(.text) for __aeabi_memclr4
    lcd.o(i.LCD_BusIn) refers to stm32g4xx_hal_gpio.o(i.HAL_GPIO_Init) for HAL_GPIO_Init
    lcd.o(i.LCD_BusOut) refers to rt_memclr_w.o(.text) for __aeabi_memclr4
    lcd.o(i.LCD_BusOut) refers to stm32g4xx_hal_gpio.o(i.HAL_GPIO_Init) for HAL_GPIO_Init
    lcd.o(i.LCD_Clear) refers to lcd.o(i.LCD_SetCursor) for LCD_SetCursor
    lcd.o(i.LCD_Clear) refers to lcd.o(i.LCD_WriteRAM_Prepare) for LCD_WriteRAM_Prepare
    lcd.o(i.LCD_Clear) refers to lcd.o(i.LCD_WriteRAM) for LCD_WriteRAM
    lcd.o(i.LCD_ClearLine) refers to lcd.o(i.LCD_DisplayStringLine) for LCD_DisplayStringLine
    lcd.o(i.LCD_CtrlLinesConfig) refers to rt_memclr_w.o(.text) for __aeabi_memclr4
    lcd.o(i.LCD_CtrlLinesConfig) refers to stm32g4xx_hal_gpio.o(i.HAL_GPIO_Init) for HAL_GPIO_Init
    lcd.o(i.LCD_CtrlLinesConfig) refers to lcd.o(i.LCD_BusOut) for LCD_BusOut
    lcd.o(i.LCD_DisplayChar) refers to lcd.o(i.LCD_DrawChar) for LCD_DrawChar
    lcd.o(i.LCD_DisplayChar) refers to lcd.o(.constdata) for .constdata
    lcd.o(i.LCD_DisplayOff) refers to lcd.o(i.LCD_WriteReg) for LCD_WriteReg
    lcd.o(i.LCD_DisplayOn) refers to lcd.o(i.LCD_WriteReg) for LCD_WriteReg
    lcd.o(i.LCD_DisplayStringLine) refers to lcd.o(i.LCD_DisplayChar) for LCD_DisplayChar
    lcd.o(i.LCD_DrawChar) refers to lcd.o(i.LCD_SetCursor) for LCD_SetCursor
    lcd.o(i.LCD_DrawChar) refers to lcd.o(i.LCD_WriteRAM_Prepare) for LCD_WriteRAM_Prepare
    lcd.o(i.LCD_DrawChar) refers to lcd.o(i.LCD_WriteRAM) for LCD_WriteRAM
    lcd.o(i.LCD_DrawChar) refers to lcd.o(.data) for .data
    lcd.o(i.LCD_DrawCircle) refers to lcd.o(i.LCD_SetCursor) for LCD_SetCursor
    lcd.o(i.LCD_DrawCircle) refers to lcd.o(i.LCD_WriteRAM_Prepare) for LCD_WriteRAM_Prepare
    lcd.o(i.LCD_DrawCircle) refers to lcd.o(i.LCD_WriteRAM) for LCD_WriteRAM
    lcd.o(i.LCD_DrawCircle) refers to lcd.o(.data) for .data
    lcd.o(i.LCD_DrawLine) refers to lcd.o(i.LCD_SetCursor) for LCD_SetCursor
    lcd.o(i.LCD_DrawLine) refers to lcd.o(i.LCD_WriteRAM_Prepare) for LCD_WriteRAM_Prepare
    lcd.o(i.LCD_DrawLine) refers to lcd.o(i.LCD_WriteRAM) for LCD_WriteRAM
    lcd.o(i.LCD_DrawLine) refers to lcd.o(.data) for .data
    lcd.o(i.LCD_DrawMonoPict) refers to lcd.o(i.LCD_SetCursor) for LCD_SetCursor
    lcd.o(i.LCD_DrawMonoPict) refers to lcd.o(i.LCD_WriteRAM_Prepare) for LCD_WriteRAM_Prepare
    lcd.o(i.LCD_DrawMonoPict) refers to lcd.o(i.LCD_WriteRAM) for LCD_WriteRAM
    lcd.o(i.LCD_DrawMonoPict) refers to lcd.o(.data) for .data
    lcd.o(i.LCD_DrawPicture) refers to lcd.o(i.LCD_SetCursor) for LCD_SetCursor
[...]
    $v0                                      0x0800739a   Number         0  printf1.o(x$fpl$printf1)
    .constdata                               0x0800739e   Section     4560  lcd.o(.constdata)
    x$fpl$usenofp                            0x0800739e   Section        0  usenofp.o(x$fpl$usenofp)
    .constdata                               0x0800856e   Section       24  stm32g4xx_hal_uart.o(.constdata)
    .constdata                               0x08008586   Section       16  stm32g4xx_hal_uart_ex.o(.constdata)
    numerator                                0x08008586   Data           8  stm32g4xx_hal_uart_ex.o(.constdata)
    denominator                              0x0800858e   Data           8  stm32g4xx_hal_uart_ex.o(.constdata)
    .constdata                               0x08008596   Section       16  system_stm32g4xx.o(.constdata)
    .constdata                               0x080085a6   Section        8  system_stm32g4xx.o(.constdata)
    .constdata                               0x080085b0   Section      148  bigflt0.o(.constdata)
    tenpwrs_x                                0x080085b0   Data          60  bigflt0.o(.constdata)
    tenpwrs_i                                0x080085ec   Data          64  bigflt0.o(.constdata)
    locale$$data                             0x08008664   Section       28  lc_numeric_c.o(locale$$data)
    __lcnum_c_name                           0x08008668   Data           2  lc_numeric_c.o(locale$$data)
    __lcnum_c_start                          0x08008670   Data           0  lc_numeric_c.o(locale$$data)
    __lcnum_c_point                          0x0800867c   Data           0  lc_numeric_c.o(locale$$data)
    __lcnum_c_thousands                      0x0800867e   Data           0  lc_numeric_c.o(locale$$data)
    __lcnum_c_grouping                       0x0800867f   Data           0  lc_numeric_c.o(locale$$data)
    __lcnum_c_end                            0x08008680   Data           0  lc_numeric_c.o(locale$$data)
    .data                                    0x20000000   Section        6  lcd.o(.data)
    TextColor                                0x20000000   Data           2  lcd.o(.data)
    BackColor                                0x20000002   Data           2  lcd.o(.data)
    .data                                    0x20000008   Section       72  main.o(.data)
    .data                                    0x20000050   Section       12  stm32g4xx_hal.o(.data)
    .data                                    0x2000005c   Section        4  system_stm32g4xx.o(.data)
    .bss                                     0x20000060   Section     4642  main.o(.bss)
    .bss                                     0x20001284   Section      108  adc.o(.bss)
    .bss                                     0x200012f0   Section      380  tim.o(.bss)
    .bss                                     0x2000146c   Section      144  usart.o(.bss)
    .bss                                     0x200014fc   Section       96  libspace.o(.bss)
    HEAP                                     0x20001560   Section      512  startup_stm32g431xx.o(HEAP)
    Heap_Mem                                 0x20001560   Data         512  startup_stm32g431xx.o(HEAP)
    STACK                                    0x20001760   Section     1024  startup_stm32g431xx.o(STACK)
    Stack_Mem                                0x20001760   Data        1024  startup_stm32g431xx.o(STACK)
    __initial_sp                             0x20001b60   Data           0  startup_stm32g431xx.o(STACK)

    Global Symbols

    Symbol Name                              Value     Ov Type        Size  Object(Section)

    BuildAttributes$$THM_ISAv4$E$P$D$K$B$S$7EM$VFPi3$EXTD16$VFPS$VFMA$PE$A:L22UL41UL21$X:L11$S22US41US21$IEEE1$IW$USESV6$~STKCKD$USESV7$~SHL$OTIME$ROPI$IEEEJ$EBA8$UX$STANDARDLIB$REQ8$PRES8$EABIv2 0x00000000   Number         0  anon$$obj.o ABSOLUTE
    __ARM_use_no_argv                        0x00000000   Number         0  main.o ABSOLUTE
    _printf_flags                            0x00000000   Number         0  printf_stubs.o ABSOLUTE
    _printf_return_value                     0x00000000   Number         0  printf_stubs.o ABSOLUTE
    _printf_sizespec                         0x00000000   Number         0  printf_stubs.o ABSOLUTE
    _printf_widthprec                        0x00000000   Number         0  printf_stubs.o ABSOLUTE
    __ARM_exceptions_init                     - Undefined Weak Reference
    __alloca_initialize                       - Undefined Weak Reference
    __arm_fini_                               - Undefined Weak Reference
    __arm_preinit_                            - Undefined Weak Reference
    __cpp_initialize__aeabi_                  - Undefined Weak Reference
    __cxa_finalize                            - Undefined Weak Reference
    __sigvec_lookup                           - Undefined Weak Reference
    _atexit_init                              - Undefined Weak Reference
    _call_atexit_fns                          - Undefined Weak Reference
    _clock_init                               - Undefined Weak Reference
    _fp_trap_init                             - Undefined Weak Reference
    _fp_trap_shutdown                         - Undefined Weak Reference
    _get_lc_collate                           - Undefined Weak Reference
    _get_lc_ctype                             - Undefined Weak Reference
    _get_lc_monetary                          - Undefined Weak Reference
    _get_lc_time                              - Undefined Weak Reference
    _getenv_init                              - Undefined Weak Reference
    _handle_redirection                       - Undefined Weak Reference
    _init_alloc                               - Undefined Weak Reference
    _init_user_alloc                          - Undefined Weak Reference
    _initio                                   - Undefined Weak Reference
    _printf_post_padding                      - Undefined Weak Reference
    _printf_pre_padding                       - Undefined Weak Reference
    _printf_truncate_signed                   - Undefined Weak Reference
    _printf_truncate_unsigned                 - Undefined Weak Reference
    _rand_init                                - Undefined Weak Reference
    _signal_finish                            - Undefined Weak Reference
    _signal_init                              - Undefined Weak Reference
    _terminate_alloc                          - Undefined Weak Reference
    _terminate_user_alloc                     - Undefined Weak Reference
    _terminateio                              - Undefined Weak Reference
    __Vectors_Size                           0x000001d8   Number         0  startup_stm32g431xx.o ABSOLUTE
    __Vectors                                0x08000000   Data           4  startup_stm32g431xx.o(RESET)
    __Vectors_End                            0x080001d8   Data           0  startup_stm32g431xx.o(RESET)
    __main                                   0x080001d9   Thumb Code     8  __main.o(!!!main)
    __scatterload                            0x080001e1   Thumb Code     0  __scatter.o(!!!scatter)
    __scatterload_rt2                        0x080001e1   Thumb Code    44  __scatter.o(!!!scatter)
    __scatterload_rt2_thumb_only             0x080001e1   Thumb Code     0  __scatter.o(!!!scatter)
    __scatterload_null                       0x080001ef   Thumb Code     0  __scatter.o(!!!scatter)
    __scatterload_copy                       0x08000215   Thumb Code    26  __scatter_copy.o(!!handler_copy)
    __scatterload_zeroinit                   0x08000231   Thumb Code    28  __scatter_zi.o(!!handler_zi)
    _printf_f                                0x0800024d   Thumb Code     0  _printf_f.o(.ARM.Collect$$_printf_percent$$00000003)
    _printf_percent                          0x0800024d   Thumb Code     0  _printf_percent.o(.ARM.Collect$$_printf_percent$$00000000)
    _printf_d                                0x08000253   Thumb Code     0  _printf_d.o(.ARM.Collect$$_printf_percent$$00000009)
    _printf_percent_end                      0x08000259   Thumb Code     0  _printf_percent_end.o(.ARM.Collect$$_printf_percent$$00000017)
    __rt_lib_init                            0x0800025d   Thumb Code     0  libinit.o(.ARM.Collect$$libinit$$00000000)
    __rt_lib_init_fp_1                       0x0800025f   Thumb Code     0  libinit2.o(.ARM.Collect$$libinit$$00000001)
    __rt_lib_init_heap_1                     0x08000263   Thumb Code     0  libinit2.o(.ARM.Collect$$libinit$$0000000A)
    __rt_lib_init_lc_common                  0x08000263   Thumb Code     0  libinit2.o(.ARM.Collect$$libinit$$0000000F)
    __rt_lib_init_preinit_1                  0x08000263   Thumb Code     0  libinit2.o(.ARM.Collect$$libinit$$00000004)
    __rt_lib_init_rand_1                     0x08000263   Thumb Code     0  libinit2.o(.ARM.Collect$$libinit$$0000000E)
    __rt_lib_init_user_alloc_1               0x08000263   Thumb Code     0  libinit2.o(.ARM.Collect$$libinit$$0000000C)
    __rt_lib_init_lc_collate_1               0x08000269   Thumb Code     0  libinit2.o(.ARM.Collect$$libinit$$00000011)
    __rt_lib_init_lc_ctype_1                 0x08000269   Thumb Code     0  libinit2.o(.ARM.Collect$$libinit$$00000013)
    __rt_lib_init_lc_monetary_1              0x08000269   Thumb Code     0  libinit2.o(.ARM.Collect$$libinit$$00000015)
    __rt_lib_init_lc_numeric_2               0x08000269   Thumb Code     0  libinit2.o(.ARM.Collect$$libinit$$00000016)
    __rt_lib_init_alloca_1                   0x08000273   Thumb Code     0  libinit2.o(.ARM.Collect$$libinit$$0000002E)
    __rt_lib_init_argv_1                     0x08000273   Thumb Code     0  libinit2.o(.ARM.Collect$$libinit$$0000002C)
    __rt_lib_init_atexit_1                   0x08000273   Thumb Code     0  libinit2.o(.ARM.Collect$$libinit$$0000001B)
    __rt_lib_init_clock_1                    0x08000273   Thumb Code     0  libinit2.o(.ARM.Collect$$libinit$$00000021)
    __rt_lib_init_cpp_1                      0x08000273   Thumb Code     0  libinit2.o(.ARM.Collect$$libinit$$00000032)
    __rt_lib_init_exceptions_1               0x08000273   Thumb Code     0  libinit2.o(.ARM.Collect$$libinit$$00000030)
    __rt_lib_init_fp_trap_1                  0x08000273   Thumb Code     0  libinit2.o(.ARM.Collect$$libinit$$0000001F)
    __rt_lib_init_getenv_1                   0x08000273   Thumb Code     0  libinit2.o(.ARM.Collect$$libinit$$00000023)
    __rt_lib_init_lc_numeric_1               0x08000273   Thumb Code     0  libinit2.o(.ARM.Collect$$libinit$$00000017)
    __rt_lib_init_lc_time_1                  0x08000273   Thumb Code     0  libinit2.o(.ARM.Collect$$libinit$$00000019)
    __rt_lib_init_return                     0x08000273   Thumb Code     0  libinit2.o(.ARM.Collect$$libinit$$00000033)
    __rt_lib_init_signal_1                   0x08000273   Thumb Code     0  libinit2.o(.ARM.Collect$$libinit$$0000001D)
    __rt_lib_init_stdio_1                    0x08000273   Thumb Code     0  libinit2.o(.ARM.Collect$$libinit$$00000025)
    __rt_lib_shutdown                        0x08000275   Thumb Code     0  libshutdown.o(.ARM.Collect$$libshutdown$$00000000)
    __rt_lib_shutdown_cpp_1                  0x08000277   Thumb Code     0  libshutdown2.o(.ARM.Collect$$libshutdown$$00000004)
    __rt_lib_shutdown_fini_1                 0x08000277   Thumb Code     0  libshutdown2.o(.ARM.Collect$$libshutdown$$00000002)
    __rt_lib_shutdown_fp_trap_1              0x08000277   Thumb Code     0  libshutdown2.o(.ARM.Collect$$libshutdown$$00000009)
    __rt_lib_shutdown_heap_1                 0x08000277   Thumb Code     0  libshutdown2.o(.ARM.Collect$$libshutdown$$00000011)
    __rt_lib_shutdown_return                 0x08000277   Thumb Code     0  libshutdown2.o(.ARM.Collect$$libshutdown$$00000012)
    __rt_lib_shutdown_signal_1               0x08000277   Thumb Code     0  libshutdown2.o(.ARM.Collect$$libshutdown$$0000000C)
    __rt_lib_shutdown_stdio_1                0x08000277   Thumb Code     0  libshutdown2.o(.ARM.Collect$$libshutdown$$00000006)
    __rt_lib_shutdown_user_alloc_1           0x08000277   Thumb Code     0  libshutdown2.o(.ARM.Collect$$libshutdown$$0000000E)
    __rt_entry                               0x08000279   Thumb Code     0  __rtentry.o(.ARM.Collect$$rtentry$$00000000)
    __rt_entry_presh_1                       0x08000279   Thumb Code     0  __rtentry2.o(.ARM.Collect$$rtentry$$00000002)
    __rt_entry_sh                            0x08000279   Thumb Code     0  __rtentry4.o(.ARM.Collect$$rtentry$$00000004)
    __rt_entry_li                            0x0800027f   Thumb Code     0  __rtentry2.o(.ARM.Collect$$rtentry$$0000000A)
    __rt_entry_postsh_1                      0x0800027f   Thumb Code     0  __rtentry2.o(.ARM.Collect$$rtentry$$00000009)
    __rt_entry_main                          0x08000283   Thumb Code     0  __rtentry2.o(.ARM.Collect$$rtentry$$0000000D)
    __rt_entry_postli_1                      0x08000283   Thumb Code     0  __rtentry2.o(.ARM.Collect$$rtentry$$0000000C)
    __rt_exit                                0x0800028b   Thumb Code     0  rtexit.o(.ARM.Collect$$rtexit$$00000000)
    __rt_exit_ls                             0x0800028d   Thumb Code     0  rtexit2.o(.ARM.Collect$$rtexit$$00000003)
    __rt_exit_prels_1                        0x0800028d   Thumb Code     0  rtexit2.o(.ARM.Collect$$rtexit$$00000002)
    __rt_exit_exit                           0x08000291   Thumb Code     0  rtexit2.o(.ARM.Collect$$rtexit$$00000004)
    Reset_Handler                            0x08000299   Thumb Code     8  startup_stm32g431xx.o(.text)
    COMP1_2_3_IRQHandler                     0x080002b3   Thumb Code     0  startup_stm32g431xx.o(.text)
    COMP4_IRQHandler                         0x080002b3   Thumb Code     0  startup_stm32g431xx.o(.text)
    CORDIC_IRQHandler                        0x080002b3   Thumb Code     0  startup_stm32g431xx.o(.text)
    CRS_IRQHandler                           0x080002b3   Thumb Code     0  startup_stm32g431xx.o(.text)
    DMA1_Channel1_IRQHandler                 0x080002b3   Thumb Code     0  startup_stm32g431xx.o(.text)
    DMA1_Channel2_IRQHandler                 0x080002b3   Thumb Code     0  startup_stm32g431xx.o(.text)
    DMA1_Channel3_IRQHandler                 0x080002b3   Thumb Code     0  startup_stm32g431xx.o(.text)
    DMA1_Channel4_IRQHandler                 0x080002b3   Thumb Code     0  startup_stm32g431xx.o(.text)
    DMA1_Channel5_IRQHandler                 0x080002b3   Thumb Code     0  startup_stm32g431xx.o(.text)
    DMA1_Channel6_IRQHandler                 0x080002b3   Thumb Code     0  startup_stm32g431xx.o(.text)
    DMA2_Channel1_IRQHandler                 0x080002b3   Thumb Code     0  startup_stm32g431xx.o(.text)
    DMA2_Channel2_IRQHandler                 0x080002b3   Thumb Code     0  startup_stm32g431xx.o(.text)
    DMA2_Channel3_IRQHandler                 0x080002b3   Thumb Code     0  startup_stm32g431xx.o(.text)
    DMA2_Channel4_IRQHandler                 0x080002b3   Thumb Code     0  startup_stm32g431xx.o(.text)
    DMA2_Channel5_IRQHandler                 0x080002b3   Thumb Code     0  startup_stm32g431xx.o(.text)
    DMA2_Channel6_IRQHandler                 0x080002b3   Thumb Code     0  startup_stm32g431xx.o(.text)
    DMAMUX_OVR_IRQHandler                    0x080002b3   Thumb Code     0  startup_stm32g431xx.o(.text)
    EXTI0_IRQHandler                         0x080002b3   Thumb Code     0  startup_stm32g431xx.o(.text)
    EXTI15_10_IRQHandler                     0x080002b3   Thumb Code     0  startup_stm32g431xx.o(.text)
    EXTI1_IRQHandler                         0x080002b3   Thumb Code     0  startup_stm32g431xx.o(.text)
    EXTI2_IRQHandler                         0x080002b3   Thumb Code     0  startup_stm32g431xx.o(.text)
    EXTI3_IRQHandler                         0x080002b3   Thumb Code     0  startup_stm32g431xx.o(.text)
    EXTI4_IRQHandler                         0x080002b3   Thumb Code     0  startup_stm32g431xx.o(.text)
    EXTI9_5_IRQHandler                       0x080002b3   Thumb Code     0  startup_stm32g431xx.o(.text)
    FDCAN1_IT0_IRQHandler                    0x080002b3   Thumb Code     0  startup_stm32g431xx.o(.text)
    FDCAN1_IT1_IRQHandler                    0x080002b3   Thumb Code     0  startup_stm32g431xx.o(.text)
    FLASH_IRQHandler                         0x080002b3   Thumb Code     0  startup_stm32g431xx.o(.text)
    FMAC_IRQHandler                          0x080002b3   Thumb Code     0  startup_stm32g431xx.o(.text)
    FPU_IRQHandler                           0x080002b3   Thumb Code     0  startup_stm32g431xx.o(.text)
    I2C1_ER_IRQHandler                       0x080002b3   Thumb Code     0  startup_stm32g431xx.o(.text)
    I2C1_EV_IRQHandler                       0x080002b3   Thumb Code     0  startup_stm32g431xx.o(.text)
    I2C2_ER_IRQHandler                       0x080002b3   Thumb Code     0  startup_stm32g431xx.o(.text)
    I2C2_EV_IRQHandler                       0x080002b3   Thumb Code     0  startup_stm32g431xx.o(.text)
    I2C3_ER_IRQHandler                       0x080002b3   Thumb Code     0  startup_stm32g431xx.o(.text)
    I2C3_EV_IRQHandler                       0x080002b3   Thumb Code     0  startup_stm32g431xx.o(.text)
    LPTIM1_IRQHandler                        0x080002b3   Thumb Code     0  startup_stm32g431xx.o(.text)
    LPUART1_IRQHandler                       0x080002b3   Thumb Code     0  startup_stm32g431xx.o(.text)
    PVD_PVM_IRQHandler                       0x080002b3   Thumb Code     0  startup_stm32g431xx.o(.text)
    RCC_IRQHandler                           0x080002b3   Thumb Code     0  startup_stm32g431xx.o(.text)
    RNG_IRQHandler                           0x080002b3   Thumb Code     0  startup_stm32g431xx.o(.text)
    RTC_Alarm_IRQHandler                     0x080002b3   Thumb Code     0  startup_stm32g431xx.o(.text)
    RTC_TAMP_LSECSS_IRQHandler               0x080002b3   Thumb Code     0  startup_stm32g431xx.o(.text)
    RTC_WKUP_IRQHandler                      0x080002b3   Thumb Code     0  startup_stm32g431xx.o(.text)
    SAI1_IRQHandler                          0x080002b3   Thumb Code     0  startup_stm32g431xx.o(.text)
    SPI1_IRQHandler                          0x080002b3   Thumb Code     0  startup_stm32g431xx.o(.text)
    SPI2_IRQHandler                          0x080002b3   Thumb Code     0  startup_stm32g431xx.o(.text)
    SPI3_IRQHandler                          0x080002b3   Thumb Code     0  startup_stm32g431xx.o(.text)
    TIM1_BRK_TIM15_IRQHandler                0x080002b3   Thumb Code     0  startup_stm32g431xx.o(.text)
    TIM1_CC_IRQHandler                       0x080002b3   Thumb Code     0  startup_stm32g431xx.o(.text)
    TIM1_TRG_COM_TIM17_IRQHandler            0x080002b3   Thumb Code     0  startup_stm32g431xx.o(.text)
    TIM1_UP_TIM16_IRQHandler                 0x080002b3   Thumb Code     0  startup_stm32g431xx.o(.text)
    TIM3_IRQHandler                          0x080002b3   Thumb Code     0  startup_stm32g431xx.o(.text)
    TIM6_DAC_IRQHandler                      0x080002b3   Thumb Code     0  startup_stm32g431xx.o(.text)
    TIM7_IRQHandler                          0x080002b3   Thumb Code     0  startup_stm32g431xx.o(.text)
    TIM8_BRK_IRQHandler                      0x080002b3   Thumb Code     0  startup_stm32g431xx.o(.text)
    TIM8_CC_IRQHandler                       0x080002b3   Thumb Code     0  startup_stm32g431xx.o(.text)
    TIM8_TRG_COM_IRQHandler                  0x080002b3   Thumb Code     0  startup_stm32g431xx.o(.text)
    TIM8_UP_IRQHandler                       0x080002b3   Thumb Code     0  startup_stm32g431xx.o(.text)
    UART4_IRQHandler                         0x080002b3   Thumb Code     0  startup_stm32g431xx.o(.text)
    UCPD1_IRQHandler                         0x080002b3   Thumb Code     0  startup_stm32g431xx.o(.text)
    USART2_IRQHandler                        0x080002b3   Thumb Code     0  startup_stm32g431xx.o(.text)
    USART3_IRQHandler                        0x080002b3   Thumb Code     0  startup_stm32g431xx.o(.text)
    USBWakeUp_IRQHandler                     0x080002b3   Thumb Code     0  startup_stm32g431xx.o(.text)
    USB_HP_IRQHandler                        0x080002b3   Thumb Code     0  startup_stm32g431xx.o(.text)
    USB_LP_IRQHandler                        0x080002b3   Thumb Code     0  startup_stm32g431xx.o(.text)
    WWDG_IRQHandler                          0x080002b3   Thumb Code     0  startup_stm32g431xx.o(.text)
    __user_initial_stackheap                 0x080002b5   Thumb Code     0  startup_stm32g431xx.o(.text)
    __aeabi_uldivmod                         0x080002d9   Thumb Code     0  lludivv7m.o(.text)
    _ll_udiv                                 0x080002d9   Thumb Code   238  lludivv7m.o(.text)
    __2sprintf                               0x080003c9   Thumb Code    34  noretval__2sprintf.o(.text)
    _printf_int_dec                          0x080003f1   Thumb Code   104  _printf_dec.o(.text)
    __printf                                 0x08000469   Thumb Code   270  __printf_wp.o(.text)
    __aeabi_memclr                           0x08000577   Thumb Code     0  rt_memclr.o(.text)
    __rt_memclr                              0x08000577   Thumb Code    68  rt_memclr.o(.text)
    _memset                                  0x0800057b   Thumb Code     0  rt_memclr.o(.text)
    __aeabi_memclr4                          0x080005bb   Thumb Code     0  rt_memclr_w.o(.text)
    __aeabi_memclr8                          0x080005bb   Thumb Code     0  rt_memclr_w.o(.text)
    __rt_memclr_w                            0x080005bb   Thumb Code    78  rt_memclr_w.o(.text)
    _memset_w                                0x080005bf   Thumb Code     0  rt_memclr_w.o(.text)
    strcmp                                   0x08000609   Thumb Code   128  strcmpv7m.o(.text)
    __use_two_region_memory                  0x08000689   Thumb Code     2  heapauxi.o(.text)
    __rt_heap_escrow$2region                 0x0800068b   Thumb Code     2  heapauxi.o(.text)
    __rt_heap_expand$2region                 0x0800068d   Thumb Code     2  heapauxi.o(.text)
    _printf_int_common                       0x0800068f   Thumb Code   178  _printf_intcommon.o(.text)
    __lib_sel_fp_printf                      0x08000741   Thumb Code     2  _printf_fp_dec.o(.text)
    _printf_fp_dec_real                      0x080008f3   Thumb Code   620  _printf_fp_dec.o(.text)
    _printf_char_common                      0x08000b6b   Thumb Code    32  _printf_char_common.o(.text)
    _sputc                                   0x08000b91   Thumb Code    10  _sputc.o(.text)
    __rt_locale                              0x08000b9d   Thumb Code     8  rt_locale_intlibspace.o(.text)
    _ll_udiv10                               0x08000ba5   Thumb Code   138  lludiv10.o(.text)
    _printf_fp_infnan                        0x08000c31   Thumb Code   112  _printf_fp_infnan.o(.text)
    _btod_etento                             0x08000cb1   Thumb Code   224  bigflt0.o(.text)
    __user_libspace                          0x08000d95   Thumb Code     8  libspace.o(.text)
    __user_perproc_libspace                  0x08000d95   Thumb Code     0  libspace.o(.text)
    __user_perthread_libspace                0x08000d95   Thumb Code     0  libspace.o(.text)
    __user_setup_stackheap                   0x08000d9d   Thumb Code    74  sys_stackheap_outer.o(.text)
    exit                                     0x08000de7   Thumb Code    18  exit.o(.text)
    _sys_exit                                0x08000df9   Thumb Code     8  sys_exit.o(.text)
    __I$use$semihosting                      0x08000e05   Thumb Code     0  use_no_semi.o(.text)
    __use_no_semihosting_swi                 0x08000e05   Thumb Code     2  use_no_semi.o(.text)
    __semihosting_library_function           0x08000e07   Thumb Code     0  indicate_semi.o(.text)
    _btod_d2e                                0x08000e07   Thumb Code    62  btod.o(CL$$btod_d2e)
    _d2e_denorm_low                          0x08000e45   Thumb Code    70  btod.o(CL$$btod_d2e_denorm_low)
    _d2e_norm_op1                            0x08000e8b   Thumb Code    96  btod.o(CL$$btod_d2e_norm_op1)
    __btod_div_common                        0x08000eeb   Thumb Code   696  btod.o(CL$$btod_div_common)
    _e2e                                     0x08001223   Thumb Code   220  btod.o(CL$$btod_e2e)
    _btod_ediv                               0x080012ff   Thumb Code    42  btod.o(CL$$btod_ediv)
    _btod_emul                               0x08001329   Thumb Code    42  btod.o(CL$$btod_emul)
    __btod_mult_common                       0x08001353   Thumb Code   580  btod.o(CL$$btod_mult_common)
    ADC1_2_IRQHandler                        0x08001599   Thumb Code     6  stm32g4xx_it.o(i.ADC1_2_IRQHandler)
    ADC_Disable                              0x080015a5   Thumb Code   106  stm32g4xx_hal_adc.o(i.ADC_Disable)
    ADC_Enable                               0x08001615   Thumb Code   110  stm32g4xx_hal_adc.o(i.ADC_Enable)
    BusFault_Handler                         0x08001689   Thumb Code     2  stm32g4xx_it.o(i.BusFault_Handler)
    DebugMon_Handler                         0x0800168b   Thumb Code     2  stm32g4xx_it.o(i.DebugMon_Handler)
    Delay_LCD                                0x0800168d   Thumb Code    28  lcd.o(i.Delay_LCD)
    EEPROM_Read                              0x080016a9   Thumb Code    64  i2c_hal.o(i.EEPROM_Read)
    EEPROM_Write                             0x080016e9   Thumb Code    54  i2c_hal.o(i.EEPROM_Write)
    Error_Handler                            0x0800171f   Thumb Code     4  main.o(i.Error_Handler)
    HAL_ADCEx_Calibration_Start              0x08001725   Thumb Code   138  stm32g4xx_hal_adc_ex.o(i.HAL_ADCEx_Calibration_Start)
    HAL_ADCEx_EndOfSamplingCallback          0x080017b9   Thumb Code     2  stm32g4xx_hal_adc_ex.o(i.HAL_ADCEx_EndOfSamplingCallback)
    HAL_ADCEx_InjectedConvCpltCallback       0x080017bb   Thumb Code     2  stm32g4xx_hal_adc_ex.o(i.HAL_ADCEx_InjectedConvCpltCallback)
    HAL_ADCEx_InjectedQueueOverflowCallback  0x080017bd   Thumb Code     2  stm32g4xx_hal_adc_ex.o(i.HAL_ADCEx_InjectedQueueOverflowCallback)
    HAL_ADCEx_LevelOutOfWindow2Callback      0x080017bf   Thumb Code     2  stm32g4xx_hal_adc_ex.o(i.HAL_ADCEx_LevelOutOfWindow2Callback)
    HAL_ADCEx_LevelOutOfWindow3Callback      0x080017c1   Thumb Code     2  stm32g4xx_hal_adc_ex.o(i.HAL_ADCEx_LevelOutOfWindow3Callback)
    HAL_ADC_ConfigChannel                    0x080017c5   Thumb Code  1006  stm32g4xx_hal_adc.o(i.HAL_ADC_ConfigChannel)
    HAL_ADC_ConvCpltCallback                 0x08001be9   Thumb Code     2  stm32g4xx_hal_adc.o(i.HAL_ADC_ConvCpltCallback)
    HAL_ADC_ErrorCallback                    0x08001beb   Thumb Code     2  stm32g4xx_hal_adc.o(i.HAL_ADC_ErrorCallback)
    HAL_ADC_GetValue                         0x08001bed   Thumb Code     6  stm32g4xx_hal_adc.o(i.HAL_ADC_GetValue)
    HAL_ADC_IRQHandler                       0x08001bf5   Thumb Code   612  stm32g4xx_hal_adc.o(i.HAL_ADC_IRQHandler)
    HAL_ADC_Init                             0x08001e61   Thumb Code   476  stm32g4xx_hal_adc.o(i.HAL_ADC_Init)
    HAL_ADC_LevelOutOfWindowCallback         0x0800205d   Thumb Code     2  stm32g4xx_hal_adc.o(i.HAL_ADC_LevelOutOfWindowCallback)
    HAL_ADC_MspInit                          0x08002061   Thumb Code   126  adc.o(i.HAL_ADC_MspInit)
    HAL_ADC_PollForConversion                0x080020e9   Thumb Code   242  stm32g4xx_hal_adc.o(i.HAL_ADC_PollForConversion)
    HAL_ADC_Start                            0x080021e5   Thumb Code   230  stm32g4xx_hal_adc.o(i.HAL_ADC_Start)
    HAL_DMA_Abort                            0x080022d9   Thumb Code   106  stm32g4xx_hal_dma.o(i.HAL_DMA_Abort)
    HAL_DMA_Abort_IT                         0x08002343   Thumb Code   120  stm32g4xx_hal_dma.o(i.HAL_DMA_Abort_IT)
    HAL_Delay                                0x080023bd   Thumb Code    32  stm32g4xx_hal.o(i.HAL_Delay)
    HAL_GPIO_Init                            0x080023e1   Thumb Code   422  stm32g4xx_hal_gpio.o(i.HAL_GPIO_Init)
    HAL_GPIO_ReadPin                         0x080025a9   Thumb Code    10  stm32g4xx_hal_gpio.o(i.HAL_GPIO_ReadPin)
    HAL_GPIO_WritePin                        0x080025b3   Thumb Code    10  stm32g4xx_hal_gpio.o(i.HAL_GPIO_WritePin)
    HAL_GetTick                              0x080025bd   Thumb Code     6  stm32g4xx_hal.o(i.HAL_GetTick)
    HAL_IncTick                              0x080025c9   Thumb Code    12  stm32g4xx_hal.o(i.HAL_IncTick)
    HAL_Init                                 0x080025d9   Thumb Code    30  stm32g4xx_hal.o(i.HAL_Init)
    HAL_InitTick                             0x080025f9   Thumb Code    58  stm32g4xx_hal.o(i.HAL_InitTick)
    HAL_MspInit                              0x0800263d   Thumb Code    42  stm32g4xx_hal_msp.o(i.HAL_MspInit)
    HAL_NVIC_EnableIRQ                       0x0800266d   Thumb Code    26  stm32g4xx_hal_cortex.o(i.HAL_NVIC_EnableIRQ)
    HAL_NVIC_SetPriority                     0x08002689   Thumb Code    60  stm32g4xx_hal_cortex.o(i.HAL_NVIC_SetPriority)
    HAL_NVIC_SetPriorityGrouping             0x080026c9   Thumb Code    26  stm32g4xx_hal_cortex.o(i.HAL_NVIC_SetPriorityGrouping)
    HAL_PWREx_ControlVoltageScaling          0x080026ed   Thumb Code   174  stm32g4xx_hal_pwr_ex.o(i.HAL_PWREx_ControlVoltageScaling)
    HAL_PWREx_DisableUCPDDeadBattery         0x080027a9   Thumb Code    12  stm32g4xx_hal_pwr_ex.o(i.HAL_PWREx_DisableUCPDDeadBattery)
    HAL_RCCEx_PeriphCLKConfig                0x080027b9   Thumb Code   638  stm32g4xx_hal_rcc_ex.o(i.HAL_RCCEx_PeriphCLKConfig)
    HAL_RCC_ClockConfig                      0x08002a41   Thumb Code   444  stm32g4xx_hal_rcc.o(i.HAL_RCC_ClockConfig)
    HAL_RCC_GetPCLK1Freq                     0x08002c1d   Thumb Code    24  stm32g4xx_hal_rcc.o(i.HAL_RCC_GetPCLK1Freq)
    HAL_RCC_GetPCLK2Freq                     0x08002c41   Thumb Code    24  stm32g4xx_hal_rcc.o(i.HAL_RCC_GetPCLK2Freq)
    HAL_RCC_GetSysClockFreq                  0x08002c65   Thumb Code    98  stm32g4xx_hal_rcc.o(i.HAL_RCC_GetSysClockFreq)
    HAL_RCC_OscConfig                        0x08002cd5   Thumb Code  1036  stm32g4xx_hal_rcc.o(i.HAL_RCC_OscConfig)
    HAL_SYSTICK_Config                       0x080030e1   Thumb Code    40  stm32g4xx_hal_cortex.o(i.HAL_SYSTICK_Config)
    HAL_TIMEx_Break2Callback                 0x08003109   Thumb Code     2  stm32g4xx_hal_tim_ex.o(i.HAL_TIMEx_Break2Callback)
    HAL_TIMEx_BreakCallback                  0x0800310b   Thumb Code     2  stm32g4xx_hal_tim_ex.o(i.HAL_TIMEx_BreakCallback)
    HAL_TIMEx_CommutCallback                 0x0800310d   Thumb Code     2  stm32g4xx_hal_tim_ex.o(i.HAL_TIMEx_CommutCallback)
    HAL_TIMEx_ConfigBreakDeadTime            0x08003111   Thumb Code   164  stm32g4xx_hal_tim_ex.o(i.HAL_TIMEx_ConfigBreakDeadTime)
    HAL_TIMEx_DirectionChangeCallback        0x080031bd   Thumb Code     2  stm32g4xx_hal_tim_ex.o(i.HAL_TIMEx_DirectionChangeCallback)
    HAL_TIMEx_EncoderIndexCallback           0x080031bf   Thumb Code     2  stm32g4xx_hal_tim_ex.o(i.HAL_TIMEx_EncoderIndexCallback)
    HAL_TIMEx_IndexErrorCallback             0x080031c1   Thumb Code     2  stm32g4xx_hal_tim_ex.o(i.HAL_TIMEx_IndexErrorCallback)
    HAL_TIMEx_MasterConfigSynchronization    0x080031c5   Thumb Code   132  stm32g4xx_hal_tim_ex.o(i.HAL_TIMEx_MasterConfigSynchronization)
    HAL_TIMEx_TransitionErrorCallback        0x08003261   Thumb Code     2  stm32g4xx_hal_tim_ex.o(i.HAL_TIMEx_TransitionErrorCallback)
    HAL_TIM_Base_Init                        0x08003263   Thumb Code    98  stm32g4xx_hal_tim.o(i.HAL_TIM_Base_Init)
    HAL_TIM_Base_MspInit                     0x080032c5   Thumb Code   116  tim.o(i.HAL_TIM_Base_MspInit)
    HAL_TIM_Base_Start                       0x0800334d   Thumb Code    84  stm32g4xx_hal_tim.o(i.HAL_TIM_Base_Start)
    HAL_TIM_Base_Start_IT                    0x080033b9   Thumb Code    94  stm32g4xx_hal_tim.o(i.HAL_TIM_Base_Start_IT)
    HAL_TIM_Base_Stop_IT                     0x08003431   Thumb Code    48  stm32g4xx_hal_tim.o(i.HAL_TIM_Base_Stop_IT)
    HAL_TIM_ConfigClockSource                0x08003461   Thumb Code   240  stm32g4xx_hal_tim.o(i.HAL_TIM_ConfigClockSource)
    HAL_TIM_IC_CaptureCallback               0x08003559   Thumb Code    40  main.o(i.HAL_TIM_IC_CaptureCallback)
    HAL_TIM_IC_ConfigChannel                 0x08003589   Thumb Code   270  stm32g4xx_hal_tim.o(i.HAL_TIM_IC_ConfigChannel)
    HAL_TIM_IC_Init                          0x08003697   Thumb Code    98  stm32g4xx_hal_tim.o(i.HAL_TIM_IC_Init)
    HAL_TIM_IC_MspInit                       0x080036f9   Thumb Code   102  tim.o(i.HAL_TIM_IC_MspInit)
    HAL_TIM_IC_Start_IT                      0x08003765   Thumb Code   272  stm32g4xx_hal_tim.o(i.HAL_TIM_IC_Start_IT)
    HAL_TIM_IRQHandler                       0x0800388d   Thumb Code   508  stm32g4xx_hal_tim.o(i.HAL_TIM_IRQHandler)
    HAL_TIM_MspPostInit                      0x08003a89   Thumb Code    72  tim.o(i.HAL_TIM_MspPostInit)
    HAL_TIM_OC_DelayElapsedCallback          0x08003ad9   Thumb Code     2  stm32g4xx_hal_tim.o(i.HAL_TIM_OC_DelayElapsedCallback)
    HAL_TIM_PWM_ConfigChannel                0x08003adb   Thumb Code   286  stm32g4xx_hal_tim.o(i.HAL_TIM_PWM_ConfigChannel)
    HAL_TIM_PWM_Init                         0x08003bf9   Thumb Code    98  stm32g4xx_hal_tim.o(i.HAL_TIM_PWM_Init)
    HAL_TIM_PWM_MspInit                      0x08003c5b   Thumb Code     2  stm32g4xx_hal_tim.o(i.HAL_TIM_PWM_MspInit)
    HAL_TIM_PWM_PulseFinishedCallback        0x08003c5d   Thumb Code     2  stm32g4xx_hal_tim.o(i.HAL_TIM_PWM_PulseFinishedCallback)
    HAL_TIM_PWM_Start                        0x08003c61   Thumb Code   218  stm32g4xx_hal_tim.o(i.HAL_TIM_PWM_Start)
    HAL_TIM_PeriodElapsedCallback            0x08003d5d   Thumb Code    20  main.o(i.HAL_TIM_PeriodElapsedCallback)
    HAL_TIM_ReadCapturedValue                0x08003d79   Thumb Code    42  stm32g4xx_hal_tim.o(i.HAL_TIM_ReadCapturedValue)
    HAL_TIM_TriggerCallback                  0x08003da3   Thumb Code     2  stm32g4xx_hal_tim.o(i.HAL_TIM_TriggerCallback)
    HAL_UARTEx_DisableFifoMode               0x08003da5   Thumb Code    62  stm32g4xx_hal_uart_ex.o(i.HAL_UARTEx_DisableFifoMode)
    HAL_UARTEx_RxEventCallback               0x08003de3   Thumb Code     2  stm32g4xx_hal_uart.o(i.HAL_UARTEx_RxEventCallback)
    HAL_UARTEx_RxFifoFullCallback            0x08003de5   Thumb Code     2  stm32g4xx_hal_uart_ex.o(i.HAL_UARTEx_RxFifoFullCallback)
    HAL_UARTEx_SetRxFifoThreshold            0x08003de7   Thumb Code    76  stm32g4xx_hal_uart_ex.o(i.HAL_UARTEx_SetRxFifoThreshold)
    HAL_UARTEx_SetTxFifoThreshold            0x08003e33   Thumb Code    76  stm32g4xx_hal_uart_ex.o(i.HAL_UARTEx_SetTxFifoThreshold)
    HAL_UARTEx_TxFifoEmptyCallback           0x08003e7f   Thumb Code     2  stm32g4xx_hal_uart_ex.o(i.HAL_UARTEx_TxFifoEmptyCallback)
    HAL_UARTEx_WakeupCallback                0x08003e81   Thumb Code     2  stm32g4xx_hal_uart_ex.o(i.HAL_UARTEx_WakeupCallback)
    HAL_UART_ErrorCallback                   0x08003e83   Thumb Code     2  stm32g4xx_hal_uart.o(i.HAL_UART_ErrorCallback)
    HAL_UART_IRQHandler                      0x08003e85   Thumb Code   632  stm32g4xx_hal_uart.o(i.HAL_UART_IRQHandler)
    HAL_UART_Init                            0x08004109   Thumb Code   106  stm32g4xx_hal_uart.o(i.HAL_UART_Init)
    HAL_UART_MspInit                         0x08004175   Thumb Code   132  usart.o(i.HAL_UART_MspInit)
    HAL_UART_Receive_IT                      0x08004201   Thumb Code    70  stm32g4xx_hal_uart.o(i.HAL_UART_Receive_IT)
    HAL_UART_RxCpltCallback                  0x0800424d   Thumb Code    50  main.o(i.HAL_UART_RxCpltCallback)
    HAL_UART_Transmit                        0x08004291   Thumb Code   188  stm32g4xx_hal_uart.o(i.HAL_UART_Transmit)
    HAL_UART_TxCpltCallback                  0x0800434d   Thumb Code     2  stm32g4xx_hal_uart.o(i.HAL_UART_TxCpltCallback)
    HardFault_Handler                        0x0800434f   Thumb Code     2  stm32g4xx_it.o(i.HardFault_Handler)
    I2CInit                                  0x08004351   Thumb Code    38  i2c_hal.o(i.I2CInit)
    I2CReceiveByte                           0x0800437d   Thumb Code    78  i2c_hal.o(i.I2CReceiveByte)
    I2CSendByte                              0x080043cb   Thumb Code    78  i2c_hal.o(i.I2CSendByte)
    I2CSendNotAck                            0x08004419   Thumb Code    48  i2c_hal.o(i.I2CSendNotAck)
    I2CStart                                 0x08004449   Thumb Code    54  i2c_hal.o(i.I2CStart)
    I2CStop                                  0x0800447f   Thumb Code    54  i2c_hal.o(i.I2CStop)
    I2CWaitAck                               0x080044b5   Thumb Code    78  i2c_hal.o(i.I2CWaitAck)
    KEY_Proc                                 0x08004505   Thumb Code   890  main.o(i.KEY_Proc)
    KEY_Scan                                 0x080048b9   Thumb Code    60  main.o(i.KEY_Scan)
    LCD_BusIn                                0x080048f9   Thumb Code    40  lcd.o(i.LCD_BusIn)
    LCD_BusOut                               0x08004925   Thumb Code    42  lcd.o(i.LCD_BusOut)
    LCD_Clear                                0x08004955   Thumb Code    48  lcd.o(i.LCD_Clear)
    LCD_CtrlLinesConfig                      0x08004989   Thumb Code   134  lcd.o(i.LCD_CtrlLinesConfig)
    LCD_DisplayChar                          0x08004a19   Thumb Code    30  lcd.o(i.LCD_DisplayChar)
    LCD_DisplayStringLine                    0x08004a41   Thumb Code    58  lcd.o(i.LCD_DisplayStringLine)
    LCD_DrawChar                             0x08004a81   Thumb Code    84  lcd.o(i.LCD_DrawChar)
    LCD_Init                                 0x08004ad9   Thumb Code    54  lcd.o(i.LCD_Init)
    LCD_Proc                                 0x08004b19   Thumb Code   418  main.o(i.LCD_Proc)
    LCD_ReadReg                              0x08004df5   Thumb Code   120  lcd.o(i.LCD_ReadReg)
    LCD_SetBackColor                         0x08004e75   Thumb Code    12  lcd.o(i.LCD_SetBackColor)
    LCD_SetCursor                            0x08004e85   Thumb Code    24  lcd.o(i.LCD_SetCursor)
    LCD_SetTextColor                         0x08004e9d   Thumb Code    12  lcd.o(i.LCD_SetTextColor)
    LCD_WriteRAM                             0x08004ead   Thumb Code    80  lcd.o(i.LCD_WriteRAM)
    LCD_WriteRAM_Prepare                     0x08004f05   Thumb Code    82  lcd.o(i.LCD_WriteRAM_Prepare)
    LCD_WriteReg                             0x08004f61   Thumb Code   106  lcd.o(i.LCD_WriteReg)
    LED_Proc                                 0x08004fd5   Thumb Code   130  main.o(i.LED_Proc)
    LED_Show                                 0x08005069   Thumb Code    50  main.o(i.LED_Show)
    MX_ADC2_Init                             0x08005101   Thumb Code   138  adc.o(i.MX_ADC2_Init)
    MX_GPIO_Init                             0x0800519d   Thumb Code   194  gpio.o(i.MX_GPIO_Init)
    MX_TIM17_Init                            0x08005271   Thumb Code   144  tim.o(i.MX_TIM17_Init)
    MX_TIM2_Init                             0x08005309   Thumb Code   102  tim.o(i.MX_TIM2_Init)
    MX_TIM3_Init                             0x08005375   Thumb Code    98  tim.o(i.MX_TIM3_Init)
    MX_TIM4_Init                             0x080053e1   Thumb Code    96  tim.o(i.MX_TIM4_Init)
    MX_TIM7_Init                             0x08005449   Thumb Code    64  tim.o(i.MX_TIM7_Init)
    MX_USART1_UART_Init                      0x08005491   Thumb Code    94  usart.o(i.MX_USART1_UART_Init)
    MemManage_Handler                        0x080054f9   Thumb Code     2  stm32g4xx_it.o(i.MemManage_Handler)
    NMI_Handler                              0x080054fb   Thumb Code     2  stm32g4xx_it.o(i.NMI_Handler)
    PWM_Proc                                 0x080054fd   Thumb Code    36  main.o(i.PWM_Proc)
    PendSV_Handler                           0x0800552d   Thumb Code     2  stm32g4xx_it.o(i.PendSV_Handler)
    REG_8230_Init                            0x0800552f   Thumb Code   274  lcd.o(i.REG_8230_Init)
    REG_932X_Init                            0x08005641   Thumb Code   514  lcd.o(i.REG_932X_Init)
    SCL_Output                               0x08005845   Thumb Code    20  i2c_hal.o(i.SCL_Output)
    SDA_Input                                0x0800585d   Thumb Code    18  i2c_hal.o(i.SDA_Input)
    SDA_Input_Mode                           0x08005875   Thumb Code    40  i2c_hal.o(i.SDA_Input_Mode)
    SDA_Output                               0x080058a1   Thumb Code    20  i2c_hal.o(i.SDA_Output)
    SDA_Output_Mode                          0x080058b9   Thumb Code    40  i2c_hal.o(i.SDA_Output_Mode)
    SVC_Handler                              0x080058e5   Thumb Code     2  stm32g4xx_it.o(i.SVC_Handler)
    SysTick_Handler                          0x080058e7   Thumb Code     4  stm32g4xx_it.o(i.SysTick_Handler)
    SystemClock_Config                       0x080058eb   Thumb Code   102  main.o(i.SystemClock_Config)
    SystemInit                               0x08005951   Thumb Code    12  system_stm32g4xx.o(i.SystemInit)
    TIM2_IRQHandler                          0x08005961   Thumb Code     6  stm32g4xx_it.o(i.TIM2_IRQHandler)
    TIM4_IRQHandler                          0x0800596d   Thumb Code     6  stm32g4xx_it.o(i.TIM4_IRQHandler)
    TIM_Base_SetConfig                       0x08005979   Thumb Code   146  stm32g4xx_hal_tim.o(i.TIM_Base_SetConfig)
    TIM_CCxChannelCmd                        0x08005a29   Thumb Code    26  stm32g4xx_hal_tim.o(i.TIM_CCxChannelCmd)
    TIM_ETR_SetConfig                        0x08005a43   Thumb Code    20  stm32g4xx_hal_tim.o(i.TIM_ETR_SetConfig)
    TIM_OC2_SetConfig                        0x08005b09   Thumb Code   120  stm32g4xx_hal_tim.o(i.TIM_OC2_SetConfig)
    TIM_TI1_SetConfig                        0x08005dbd   Thumb Code    88  stm32g4xx_hal_tim.o(i.TIM_TI1_SetConfig)
    UART_AdvFeatureConfig                    0x08005ec9   Thumb Code   200  stm32g4xx_hal_uart.o(i.UART_AdvFeatureConfig)
    UART_CheckIdleState                      0x08005f91   Thumb Code    96  stm32g4xx_hal_uart.o(i.UART_CheckIdleState)
    UART_SetConfig                           0x080063b5   Thumb Code   582  stm32g4xx_hal_uart.o(i.UART_SetConfig)
    UART_Start_Receive_IT                    0x08006629   Thumb Code   198  stm32g4xx_hal_uart.o(i.UART_Start_Receive_IT)
    UART_WaitOnFlagUntilTimeout              0x08006701   Thumb Code   164  stm32g4xx_hal_uart.o(i.UART_WaitOnFlagUntilTimeout)
    USART1_IRQHandler                        0x080067a5   Thumb Code     6  stm32g4xx_it.o(i.USART1_IRQHandler)
    USART_Proc                               0x080067b1   Thumb Code   198  main.o(i.USART_Proc)
    UsageFault_Handler                       0x080068d5   Thumb Code     2  stm32g4xx_it.o(i.UsageFault_Handler)
    __ARM_fpclassify                         0x080068d7   Thumb Code    48  fpclassify.o(i.__ARM_fpclassify)
    _is_digit                                0x08006927   Thumb Code    14  __printf_wp.o(i._is_digit)
    main                                     0x08006949   Thumb Code   242  main.o(i.main)
    _get_lc_numeric                          0x08006a71   Thumb Code    44  lc_numeric_c.o(locale$$code)
    __aeabi_dadd                             0x08006a9d   Thumb Code     0  daddsub_clz.o(x$fpl$dadd)
    _dadd                                    0x08006a9d   Thumb Code   332  daddsub_clz.o(x$fpl$dadd)
    __fpl_dcmp_Inf                           0x08006bed   Thumb Code    24  dcmpi.o(x$fpl$dcmpinf)
    __aeabi_ddiv                             0x08006c05   Thumb Code     0  ddiv.o(x$fpl$ddiv)
    _ddiv                                    0x08006c05   Thumb Code   552  ddiv.o(x$fpl$ddiv)
    __aeabi_ui2d                             0x08006eb5   Thumb Code     0  dflt_clz.o(x$fpl$dfltu)
    _dfltu                                   0x08006eb5   Thumb Code    38  dflt_clz.o(x$fpl$dfltu)
    __aeabi_cdcmple                          0x08006edd   Thumb Code     0  dleqf.o(x$fpl$dleqf)
    _dcmple                                  0x08006edd   Thumb Code   120  dleqf.o(x$fpl$dleqf)
    __fpl_dcmple_InfNaN                      0x08006f3f   Thumb Code     0  dleqf.o(x$fpl$dleqf)
    __aeabi_dmul                             0x08006f55   Thumb Code     0  dmul.o(x$fpl$dmul)
    _dmul                                    0x08006f55   Thumb Code   332  dmul.o(x$fpl$dmul)
    __fpl_dnaninf                            0x080070a9   Thumb Code   156  dnaninf.o(x$fpl$dnaninf)
    __fpl_dretinf                            0x08007145   Thumb Code    12  dretinf.o(x$fpl$dretinf)
    __aeabi_cdrcmple                         0x08007151   Thumb Code     0  drleqf.o(x$fpl$drleqf)
    _drcmple                                 0x08007151   Thumb Code   108  drleqf.o(x$fpl$drleqf)
    __aeabi_dsub                             0x080071bd   Thumb Code     0  daddsub_clz.o(x$fpl$dsub)
    _dsub                                    0x080071bd   Thumb Code   464  daddsub_clz.o(x$fpl$dsub)
    _fp_init                                 0x08007391   Thumb Code    10  fpinit.o(x$fpl$fpinit)
    __fplib_config_fpu_vfp                   0x08007399   Thumb Code     0  fpinit.o(x$fpl$fpinit)
    __fplib_config_pureend_doubles           0x08007399   Thumb Code     0  fpinit.o(x$fpl$fpinit)
    _printf_fp_dec                           0x0800739b   Thumb Code     4  printf1.o(x$fpl$printf1)
    ASCII_Table                              0x0800739e   Data        4560  lcd.o(.constdata)
    __I$use$fp                               0x0800739e   Number         0  usenofp.o(x$fpl$usenofp)
    UARTPrescTable                           0x0800856e   Data          24  stm32g4xx_hal_uart.o(.constdata)
    AHBPrescTable                            0x08008596   Data          16  system_stm32g4xx.o(.constdata)
    APBPrescTable                            0x080085a6   Data           8  system_stm32g4xx.o(.constdata)
    Region$$Table$$Base                      0x08008644   Number         0  anon$$obj.o(Region$$Table)
    Region$$Table$$Limit                     0x08008664   Number         0  anon$$obj.o(Region$$Table)
    dummy                                    0x20000004   Data           2  lcd.o(.data)
    page                                     0x20000008   Data           1  main.o(.data)
    mini_page                                0x20000009   Data           1  main.o(.data)
    x                                        0x2000000a   Data           1  main.o(.data)
    y                                        0x2000000b   Data           1  main.o(.data)
    mode                                     0x2000000c   Data           1  main.o(.data)
    long_flag                                0x2000000d   Data           1  main.o(.data)
    swap_flag                                0x2000000e   Data           1  main.o(.data)
    clear_flag                               0x2000000f   Data           1  main.o(.data)
    led_flag                                 0x20000010   Data           1  main.o(.data)
    key_val                                  0x20000011   Data           1  main.o(.data)
    key_down                                 0x20000012   Data           1  main.o(.data)
    key_up                                   0x20000013   Data           1  main.o(.data)
    key_last_val                             0x20000014   Data           1  main.o(.data)
    rec_data                                 0x20000015   Data           1  main.o(.data)
    count                                    0x20000016   Data           1  main.o(.data)
    rec_flag                                 0x20000017   Data           1  main.o(.data)
    idx                                      0x20000018   Data           2  main.o(.data)
    cnt                                      0x2000001a   Data           2  main.o(.data)
    len                                      0x2000001c   Data           2  main.o(.data)
    F1                                       0x2000001e   Data           2  main.o(.data)
    A4                                       0x20000020   Data           8  main.o(.data)
    T4                                       0x20000028   Data           8  main.o(.data)
    H4                                       0x20000030   Data           8  main.o(.data)
    A5                                       0x20000038   Data           8  main.o(.data)
    H5                                       0x20000040   Data           8  main.o(.data)
    T5                                       0x20000048   Data           8  main.o(.data)
    uwTickPrio                               0x20000050   Data           4  stm32g4xx_hal.o(.data)
    uwTickFreq                               0x20000054   Data           4  stm32g4xx_hal.o(.data)
    uwTick                                   0x20000058   Data           4  stm32g4xx_hal.o(.data)
    SystemCoreClock                          0x2000005c   Data           4  system_stm32g4xx.o(.data)
    V4                                       0x20000060   Data        2048  main.o(.bss)
    V5                                       0x20000860   Data        2048  main.o(.bss)
    V                                        0x20001060   Data          16  main.o(.bss)
    text                                     0x20001070   Data          20  main.o(.bss)
    send_buf                                 0x20001084   Data         255  main.o(.bss)
    rec_buf                                  0x20001183   Data         255  main.o(.bss)
    hadc2                                    0x20001284   Data         108  adc.o(.bss)
    htim2                                    0x200012f0   Data          76  tim.o(.bss)
    htim3                                    0x2000133c   Data          76  tim.o(.bss)
    htim4                                    0x20001388   Data          76  tim.o(.bss)
    htim7                                    0x200013d4   Data          76  tim.o(.bss)
    htim17                                   0x20001420   Data          76  tim.o(.bss)
    huart1                                   0x2000146c   Data         144  usart.o(.bss)
    __libspace_start                         0x200014fc   Data          96  libspace.o(.bss)
    __temporary_stack_top$libspace           0x2000155c   Data           0  libspace.o(.bss)



==============================================================================

Memory Map of the image

  Image Entry point : 0x080001d9

  Load Region LR_IROM1 (Base: 0x08000000, Size: 0x000086e0, Max: 0x00020000, ABSOLUTE)

    Execution Region ER_IROM1 (Exec base: 0x08000000, Load base: 0x08000000, Size: 0x00008680, Max: 0x00020000, ABSOLUTE)

    Exec Addr    Load Addr    Size         Type   Attr      Idx    E Section Name        Object

    0x08000000   0x08000000   0x000001d8   Data   RO            3    RESET               startup_stm32g431xx.o
    0x080001d8   0x080001d8   0x00000008   Code   RO         4561  * !!!main             c_w.l(__main.o)
    0x080001e0   0x080001e0   0x00000034   Code   RO         4813    !!!scatter          c_w.l(__scatter.o)
    0x08000214   0x08000214   0x0000001a   Code   RO         4815    !!handler_copy      c_w.l(__scatter_copy.o)
    0x0800022e   0x0800022e   0x00000002   PAD
    0x08000230   0x08000230   0x0000001c   Code   RO         4817    !!handler_zi        c_w.l(__scatter_zi.o)
    0x0800024c   0x0800024c   0x00000000   Code   RO         4552    .ARM.Collect$$_printf_percent$$00000000  c_w.l(_printf_percent.o)
    0x0800024c   0x0800024c   0x00000006   Code   RO         4551    .ARM.Collect$$_printf_percent$$00000003  c_w.l(_printf_f.o)
    0x08000252   0x08000252   0x00000006   Code   RO         4550    .ARM.Collect$$_printf_percent$$00000009  c_w.l(_printf_d.o)
    0x08000258   0x08000258   0x00000004   Code   RO         4600    .ARM.Collect$$_printf_percent$$00000017  c_w.l(_printf_percent_end.o)
    0x0800025c   0x0800025c   0x00000002   Code   RO         4684    .ARM.Collect$$libinit$$00000000  c_w.l(libinit.o)
    0x0800025e   0x0800025e   0x00000004   Code   RO         4685    .ARM.Collect$$libinit$$00000001  c_w.l(libinit2.o)
    0x08000262   0x08000262   0x00000000   Code   RO         4688    .ARM.Collect$$libinit$$00000004  c_w.l(libinit2.o)
    0x08000262   0x08000262   0x00000000   Code   RO         4691    .ARM.Collect$$libinit$$0000000A  c_w.l(libinit2.o)
    0x08000262   0x08000262   0x00000000   Code   RO         4693    .ARM.Collect$$libinit$$0000000C  c_w.l(libinit2.o)
    0x08000262   0x08000262   0x00000000   Code   RO         4695    .ARM.Collect$$libinit$$0000000E  c_w.l(libinit2.o)
    0x08000262   0x08000262   0x00000006   Code   RO         4696    .ARM.Collect$$libinit$$0000000F  c_w.l(libinit2.o)
    0x08000268   0x08000268   0x00000000   Code   RO         4698    .ARM.Collect$$libinit$$00000011  c_w.l(libinit2.o)
    0x08000268   0x08000268   0x00000000   Code   RO         4700    .ARM.Collect$$libinit$$00000013  c_w.l(libinit2.o)
    0x08000268   0x08000268   0x00000000   Code   RO         4702    .ARM.Collect$$libinit$$00000015  c_w.l(libinit2.o)
    0x08000268   0x08000268   0x0000000a   Code   RO         4703    .ARM.Collect$$libinit$$00000016  c_w.l(libinit2.o)
    0x08000272   0x08000272   0x00000000   Code   RO         4704    .ARM.Collect$$libinit$$00000017  c_w.l(libinit2.o)
    0x08000272   0x08000272   0x00000000   Code   RO         4706    .ARM.Collect$$libinit$$00000019  c_w.l(libinit2.o)
    0x08000272   0x08000272   0x00000000   Code   RO         4708    .ARM.Collect$$libinit$$0000001B  c_w.l(libinit2.o)
    0x08000272   0x08000272   0x00000000   Code   RO         4710    .ARM.Collect$$libinit$$0000001D  c_w.l(libinit2.o)
    0x08000272   0x08000272   0x00000000   Code   RO         4712    .ARM.Collect$$libinit$$0000001F  c_w.l(libinit2.o)
    0x08000272   0x08000272   0x00000000   Code   RO         4714    .ARM.Collect$$libinit$$00000021  c_w.l(libinit2.o)
    0x08000272   0x08000272   0x00000000   Code   RO         4716    .ARM.Collect$$libinit$$00000023  c_w.l(libinit2.o)
    0x08000272   0x08000272   0x00000000   Code   RO         4718    .ARM.Collect$$libinit$$00000025  c_w.l(libinit2.o)
    0x08000272   0x08000272   0x00000000   Code   RO         4722    .ARM.Collect$$libinit$$0000002C  c_w.l(libinit2.o)
    0x08000272   0x08000272   0x00000000   Code   RO         4724    .ARM.Collect$$libinit$$0000002E  c_w.l(libinit2.o)
    0x08000272   0x08000272   0x00000000   Code   RO         4726    .ARM.Collect$$libinit$$00000030  c_w.l(libinit2.o)
    0x08000272   0x08000272   0x00000000   Code   RO         4728    .ARM.Collect$$libinit$$00000032  c_w.l(libinit2.o)
    0x08000272   0x08000272   0x00000002   Code   RO         4729    .ARM.Collect$$libinit$$00000033  c_w.l(libinit2.o)
    0x08000274   0x08000274   0x00000002   Code   RO         4776    .ARM.Collect$$libshutdown$$00000000  c_w.l(libshutdown.o)
    0x08000276   0x08000276   0x00000000   Code   RO         4794    .ARM.Collect$$libshutdown$$00000002  c_w.l(libshutdown2.o)
    0x08000276   0x08000276   0x00000000   Code   RO         4796    .ARM.Collect$$libshutdown$$00000004  c_w.l(libshutdown2.o)
    0x08000276   0x08000276   0x00000000   Code   RO         4798    .ARM.Collect$$libshutdown$$00000006  c_w.l(libshutdown2.o)
    0x08000276   0x08000276   0x00000000   Code   RO         4801    .ARM.Collect$$libshutdown$$00000009  c_w.l(libshutdown2.o)
    0x08000276   0x08000276   0x00000000   Code   RO         4804    .ARM.Collect$$libshutdown$$0000000C  c_w.l(libshutdown2.o)
    0x08000276   0x08000276   0x00000000   Code   RO         4806    .ARM.Collect$$libshutdown$$0000000E  c_w.l(libshutdown2.o)
    0x08000276   0x08000276   0x00000000   Code   RO         4809    .ARM.Collect$$libshutdown$$00000011  c_w.l(libshutdown2.o)
    0x08000276   0x08000276   0x00000002   Code   RO         4810    .ARM.Collect$$libshutdown$$00000012  c_w.l(libshutdown2.o)
    0x08000278   0x08000278   0x00000000   Code   RO         4587    .ARM.Collect$$rtentry$$00000000  c_w.l(__rtentry.o)
    0x08000278   0x08000278   0x00000000   Code   RO         4609    .ARM.Collect$$rtentry$$00000002  c_w.l(__rtentry2.o)
    0x08000278   0x08000278   0x00000006   Code   RO         4621    .ARM.Collect$$rtentry$$00000004  c_w.l(__rtentry4.o)
    0x0800027e   0x0800027e   0x00000000   Code   RO         4611    .ARM.Collect$$rtentry$$00000009  c_w.l(__rtentry2.o)
    0x0800027e   0x0800027e   0x00000004   Code   RO         4612    .ARM.Collect$$rtentry$$0000000A  c_w.l(__rtentry2.o)
    0x08000282   0x08000282   0x00000000   Code   RO         4614    .ARM.Collect$$rtentry$$0000000C  c_w.l(__rtentry2.o)
    0x08000282   0x08000282   0x00000008   Code   RO         4615    .ARM.Collect$$rtentry$$0000000D  c_w.l(__rtentry2.o)
    0x0800028a   0x0800028a   0x00000002   Code   RO         4730    .ARM.Collect$$rtexit$$00000000  c_w.l(rtexit.o)
    0x0800028c   0x0800028c   0x00000000   Code   RO         4745    .ARM.Collect$$rtexit$$00000002  c_w.l(rtexit2.o)
    0x0800028c   0x0800028c   0x00000004   Code   RO         4746    .ARM.Collect$$rtexit$$00000003  c_w.l(rtexit2.o)
    0x08000290   0x08000290   0x00000006   Code   RO         4747    .ARM.Collect$$rtexit$$00000004  c_w.l(rtexit2.o)
    0x08000296   0x08000296   0x00000002   PAD
    0x08000298   0x08000298   0x00000040   Code   RO            4    .text               startup_stm32g431xx.o
    0x080002d8   0x080002d8   0x000000ee   Code   RO         4520    .text               c_w.l(lludivv7m.o)
    0x080003c6   0x080003c6   0x00000002   PAD
    0x080003c8   0x080003c8   0x00000028   Code   RO         4524    .text               c_w.l(noretval__2sprintf.o)
    0x080003f0   0x080003f0   0x00000078   Code   RO         4528    .text               c_w.l(_printf_dec.o)
    0x08000468   0x08000468   0x0000010e   Code   RO         4538    .text               c_w.l(__printf_wp.o)
    0x08000576   0x08000576   0x00000044   Code   RO         4553    .text               c_w.l(rt_memclr.o)
    0x080005ba   0x080005ba   0x0000004e   Code   RO         4555    .text               c_w.l(rt_memclr_w.o)
    0x08000608   0x08000608   0x00000080   Code   RO         4557    .text               c_w.l(strcmpv7m.o)
    0x08000688   0x08000688   0x00000006   Code   RO         4559    .text               c_w.l(heapauxi.o)
    0x0800068e   0x0800068e   0x000000b2   Code   RO         4592    .text               c_w.l(_printf_intcommon.o)
    0x08000740   0x08000740   0x0000041e   Code   RO         4594    .text               c_w.l(_printf_fp_dec.o)
    0x08000b5e   0x08000b5e   0x00000002   PAD
    0x08000b60   0x08000b60   0x00000030   Code   RO         4596    .text               c_w.l(_printf_char_common.o)
    0x08000b90   0x08000b90   0x0000000a   Code   RO         4598    .text               c_w.l(_sputc.o)
    0x08000b9a   0x08000b9a   0x00000002   PAD
    0x08000b9c   0x08000b9c   0x00000008   Code   RO         4628    .text               c_w.l(rt_locale_intlibspace.o)
    0x08000ba4   0x08000ba4   0x0000008a   Code   RO         4630    .text               c_w.l(lludiv10.o)
    0x08000c2e   0x08000c2e   0x00000002   PAD
    0x08000c30   0x08000c30   0x00000080   Code   RO         4632    .text               c_w.l(_printf_fp_infnan.o)
    0x08000cb0   0x08000cb0   0x000000e4   Code   RO         4636    .text               c_w.l(bigflt0.o)
    0x08000d94   0x08000d94   0x00000008   Code   RO         4668    .text               c_w.l(libspace.o)
    0x08000d9c   0x08000d9c   0x0000004a   Code   RO         4671    .text               c_w.l(sys_stackheap_outer.o)
    0x08000de6   0x08000de6   0x00000012   Code   RO         4673    .text               c_w.l(exit.o)
    0x08000df8   0x08000df8   0x0000000c   Code   RO         4742    .text               c_w.l(sys_exit.o)
    0x08000e04   0x08000e04   0x00000002   Code   RO         4763    .text               c_w.l(use_no_semi.o)
    0x08000e06   0x08000e06   0x00000000   Code   RO         4765    .text               c_w.l(indicate_semi.o)
    0x08000e06   0x08000e06   0x0000003e   Code   RO         4639    CL$$btod_d2e        c_w.l(btod.o)
    0x08000e44   0x08000e44   0x00000046   Code   RO         4641    CL$$btod_d2e_denorm_low  c_w.l(btod.o)
    0x08000e8a   0x08000e8a   0x00000060   Code   RO         4640    CL$$btod_d2e_norm_op1  c_w.l(btod.o)
    0x08000eea   0x08000eea   0x00000338   Code   RO         4649    CL$$btod_div_common  c_w.l(btod.o)
    0x08001222   0x08001222   0x000000dc   Code   RO         4646    CL$$btod_e2e        c_w.l(btod.o)
    0x080012fe   0x080012fe   0x0000002a   Code   RO         4643    CL$$btod_ediv       c_w.l(btod.o)
    0x08001328   0x08001328   0x0000002a   Code   RO         4642    CL$$btod_emul       c_w.l(btod.o)
    0x08001352   0x08001352   0x00000244   Code   RO         4648    CL$$btod_mult_common  c_w.l(btod.o)
    0x08001596   0x08001596   0x00000002   PAD
    0x08001598   0x08001598   0x0000000c   Code   RO          760    i.ADC1_2_IRQHandler  stm32g4xx_it.o
    0x080015a4   0x080015a4   0x00000070   Code   RO          888    i.ADC_Disable       stm32g4xx_hal_adc.o
    0x08001614   0x08001614   0x00000074   Code   RO          889    i.ADC_Enable        stm32g4xx_hal_adc.o
    0x08001688   0x08001688   0x00000002   Code   RO          761    i.BusFault_Handler  stm32g4xx_it.o
    0x0800168a   0x0800168a   0x00000002   Code   RO          762    i.DebugMon_Handler  stm32g4xx_it.o
    0x0800168c   0x0800168c   0x0000001c   Code   RO           13    i.Delay_LCD         lcd.o
    0x080016a8   0x080016a8   0x00000040   Code   RO          334    i.EEPROM_Read       i2c_hal.o
    0x080016e8   0x080016e8   0x00000036   Code   RO          335    i.EEPROM_Write      i2c_hal.o
    0x0800171e   0x0800171e   0x00000004   Code   RO          446    i.Error_Handler     main.o
    0x08001722   0x08001722   0x00000002   PAD
    0x08001724   0x08001724   0x00000094   Code   RO         1122    i.HAL_ADCEx_Calibration_Start  stm32g4xx_hal_adc_ex.o
    0x080017b8   0x080017b8   0x00000002   Code   RO         1126    i.HAL_ADCEx_EndOfSamplingCallback  stm32g4xx_hal_adc_ex.o
    0x080017ba   0x080017ba   0x00000002   Code   RO         1129    i.HAL_ADCEx_InjectedConvCpltCallback  stm32g4xx_hal_adc_ex.o
    0x080017bc   0x080017bc   0x00000002   Code   RO         1132    i.HAL_ADCEx_InjectedQueueOverflowCallback  stm32g4xx_hal_adc_ex.o
    0x080017be   0x080017be   0x00000002   Code   RO         1137    i.HAL_ADCEx_LevelOutOfWindow2Callback  stm32g4xx_hal_adc_ex.o
    0x080017c0   0x080017c0   0x00000002   Code   RO         1138    i.HAL_ADCEx_LevelOutOfWindow3Callback  stm32g4xx_hal_adc_ex.o
    0x080017c2   0x080017c2   0x00000002   PAD
    0x080017c4   0x080017c4   0x00000424   Code   RO          891    i.HAL_ADC_ConfigChannel  stm32g4xx_hal_adc.o
    0x08001be8   0x08001be8   0x00000002   Code   RO          892    i.HAL_ADC_ConvCpltCallback  stm32g4xx_hal_adc.o
    0x08001bea   0x08001bea   0x00000002   Code   RO          895    i.HAL_ADC_ErrorCallback  stm32g4xx_hal_adc.o
    0x08001bec   0x08001bec   0x00000006   Code   RO          898    i.HAL_ADC_GetValue  stm32g4xx_hal_adc.o
    0x08001bf2   0x08001bf2   0x00000002   PAD
    0x08001bf4   0x08001bf4   0x0000026c   Code   RO          899    i.HAL_ADC_IRQHandler  stm32g4xx_hal_adc.o
    0x08001e60   0x08001e60   0x000001fc   Code   RO          900    i.HAL_ADC_Init      stm32g4xx_hal_adc.o
    0x0800205c   0x0800205c   0x00000002   Code   RO          901    i.HAL_ADC_LevelOutOfWindowCallback  stm32g4xx_hal_adc.o
    0x0800205e   0x0800205e   0x00000002   PAD
    0x08002060   0x08002060   0x00000088   Code   RO          593    i.HAL_ADC_MspInit   adc.o
    0x080020e8   0x080020e8   0x000000fc   Code   RO          904    i.HAL_ADC_PollForConversion  stm32g4xx_hal_adc.o
    0x080021e4   0x080021e4   0x000000f4   Code   RO          906    i.HAL_ADC_Start     stm32g4xx_hal_adc.o
    0x080022d8   0x080022d8   0x0000006a   Code   RO         2167    i.HAL_DMA_Abort     stm32g4xx_hal_dma.o
    0x08002342   0x08002342   0x00000078   Code   RO         2168    i.HAL_DMA_Abort_IT  stm32g4xx_hal_dma.o
    0x080023ba   0x080023ba   0x00000002   PAD
    0x080023bc   0x080023bc   0x00000024   Code   RO         1338    i.HAL_Delay         stm32g4xx_hal.o
    0x080023e0   0x080023e0   0x000001c8   Code   RO         2029    i.HAL_GPIO_Init     stm32g4xx_hal_gpio.o
    0x080025a8   0x080025a8   0x0000000a   Code   RO         2031    i.HAL_GPIO_ReadPin  stm32g4xx_hal_gpio.o
    0x080025b2   0x080025b2   0x0000000a   Code   RO         2033    i.HAL_GPIO_WritePin  stm32g4xx_hal_gpio.o
    0x080025bc   0x080025bc   0x0000000c   Code   RO         1342    i.HAL_GetTick       stm32g4xx_hal.o
    0x080025c8   0x080025c8   0x00000010   Code   RO         1345    i.HAL_IncTick       stm32g4xx_hal.o
    0x080025d8   0x080025d8   0x0000001e   Code   RO         1346    i.HAL_Init          stm32g4xx_hal.o
    0x080025f6   0x080025f6   0x00000002   PAD
    0x080025f8   0x080025f8   0x00000044   Code   RO         1347    i.HAL_InitTick      stm32g4xx_hal.o
    0x0800263c   0x0800263c   0x00000030   Code   RO          860    i.HAL_MspInit       stm32g4xx_hal_msp.o
    0x0800266c   0x0800266c   0x0000001a   Code   RO         2676    i.HAL_NVIC_EnableIRQ  stm32g4xx_hal_cortex.o
    0x08002686   0x08002686   0x00000002   PAD
    0x08002688   0x08002688   0x00000040   Code   RO         2682    i.HAL_NVIC_SetPriority  stm32g4xx_hal_cortex.o
    0x080026c8   0x080026c8   0x00000024   Code   RO         2683    i.HAL_NVIC_SetPriorityGrouping  stm32g4xx_hal_cortex.o
    0x080026ec   0x080026ec   0x000000bc   Code   RO         2432    i.HAL_PWREx_ControlVoltageScaling  stm32g4xx_hal_pwr_ex.o
    0x080027a8   0x080027a8   0x00000010   Code   RO         2444    i.HAL_PWREx_DisableUCPDDeadBattery  stm32g4xx_hal_pwr_ex.o
    0x080027b8   0x080027b8   0x00000288   Code   RO         1691    i.HAL_RCCEx_PeriphCLKConfig  stm32g4xx_hal_rcc_ex.o
    0x08002a40   0x08002a40   0x000001dc   Code   RO         1566    i.HAL_RCC_ClockConfig  stm32g4xx_hal_rcc.o
    0x08002c1c   0x08002c1c   0x00000024   Code   RO         1574    i.HAL_RCC_GetPCLK1Freq  stm32g4xx_hal_rcc.o
    0x08002c40   0x08002c40   0x00000024   Code   RO         1575    i.HAL_RCC_GetPCLK2Freq  stm32g4xx_hal_rcc.o
    0x08002c64   0x08002c64   0x00000070   Code   RO         1576    i.HAL_RCC_GetSysClockFreq  stm32g4xx_hal_rcc.o
    0x08002cd4   0x08002cd4   0x0000040c   Code   RO         1579    i.HAL_RCC_OscConfig  stm32g4xx_hal_rcc.o
    0x080030e0   0x080030e0   0x00000028   Code   RO         2687    i.HAL_SYSTICK_Config  stm32g4xx_hal_cortex.o
    0x08003108   0x08003108   0x00000002   Code   RO         3522    i.HAL_TIMEx_Break2Callback  stm32g4xx_hal_tim_ex.o
    0x0800310a   0x0800310a   0x00000002   Code   RO         3523    i.HAL_TIMEx_BreakCallback  stm32g4xx_hal_tim_ex.o
    0x0800310c   0x0800310c   0x00000002   Code   RO         3524    i.HAL_TIMEx_CommutCallback  stm32g4xx_hal_tim_ex.o
    0x0800310e   0x0800310e   0x00000002   PAD
    0x08003110   0x08003110   0x000000ac   Code   RO         3527    i.HAL_TIMEx_ConfigBreakDeadTime  stm32g4xx_hal_tim_ex.o
    0x080031bc   0x080031bc   0x00000002   Code   RO         3535    i.HAL_TIMEx_DirectionChangeCallback  stm32g4xx_hal_tim_ex.o
    0x080031be   0x080031be   0x00000002   Code   RO         3549    i.HAL_TIMEx_EncoderIndexCallback  stm32g4xx_hal_tim_ex.o
    0x080031c0   0x080031c0   0x00000002   Code   RO         3563    i.HAL_TIMEx_IndexErrorCallback  stm32g4xx_hal_tim_ex.o
    0x080031c2   0x080031c2   0x00000002   PAD
    0x080031c4   0x080031c4   0x0000009c   Code   RO         3564    i.HAL_TIMEx_MasterConfigSynchronization  stm32g4xx_hal_tim_ex.o
    0x08003260   0x08003260   0x00000002   Code   RO         3585    i.HAL_TIMEx_TransitionErrorCallback  stm32g4xx_hal_tim_ex.o
    0x08003262   0x08003262   0x00000062   Code   RO         2808    i.HAL_TIM_Base_Init  stm32g4xx_hal_tim.o
    0x080032c4   0x080032c4   0x00000088   Code   RO          635    i.HAL_TIM_Base_MspInit  tim.o
    0x0800334c   0x0800334c   0x0000006c   Code   RO         2811    i.HAL_TIM_Base_Start  stm32g4xx_hal_tim.o
    0x080033b8   0x080033b8   0x00000078   Code   RO         2813    i.HAL_TIM_Base_Start_IT  stm32g4xx_hal_tim.o
    0x08003430   0x08003430   0x00000030   Code   RO         2816    i.HAL_TIM_Base_Stop_IT  stm32g4xx_hal_tim.o
    0x08003460   0x08003460   0x000000f8   Code   RO         2817    i.HAL_TIM_ConfigClockSource  stm32g4xx_hal_tim.o
    0x08003558   0x08003558   0x00000030   Code   RO          447    i.HAL_TIM_IC_CaptureCallback  main.o
    0x08003588   0x08003588   0x0000010e   Code   RO         2844    i.HAL_TIM_IC_ConfigChannel  stm32g4xx_hal_tim.o
    0x08003696   0x08003696   0x00000062   Code   RO         2847    i.HAL_TIM_IC_Init   stm32g4xx_hal_tim.o
    0x080036f8   0x080036f8   0x0000006c   Code   RO          637    i.HAL_TIM_IC_MspInit  tim.o
    0x08003764   0x08003764   0x00000128   Code   RO         2852    i.HAL_TIM_IC_Start_IT  stm32g4xx_hal_tim.o
    0x0800388c   0x0800388c   0x000001fc   Code   RO         2856    i.HAL_TIM_IRQHandler  stm32g4xx_hal_tim.o
    0x08003a88   0x08003a88   0x00000050   Code   RO          638    i.HAL_TIM_MspPostInit  tim.o
    0x08003ad8   0x08003ad8   0x00000002   Code   RO         2859    i.HAL_TIM_OC_DelayElapsedCallback  stm32g4xx_hal_tim.o
    0x08003ada   0x08003ada   0x0000011e   Code   RO         2880    i.HAL_TIM_PWM_ConfigChannel  stm32g4xx_hal_tim.o
    0x08003bf8   0x08003bf8   0x00000062   Code   RO         2883    i.HAL_TIM_PWM_Init  stm32g4xx_hal_tim.o
    0x08003c5a   0x08003c5a   0x00000002   Code   RO         2885    i.HAL_TIM_PWM_MspInit  stm32g4xx_hal_tim.o
    0x08003c5c   0x08003c5c   0x00000002   Code   RO         2886    i.HAL_TIM_PWM_PulseFinishedCallback  stm32g4xx_hal_tim.o
    0x08003c5e   0x08003c5e   0x00000002   PAD
    0x08003c60   0x08003c60   0x000000fc   Code   RO         2888    i.HAL_TIM_PWM_Start  stm32g4xx_hal_tim.o
    0x08003d5c   0x08003d5c   0x0000001c   Code   RO          448    i.HAL_TIM_PeriodElapsedCallback  main.o
    0x08003d78   0x08003d78   0x0000002a   Code   RO         2896    i.HAL_TIM_ReadCapturedValue  stm32g4xx_hal_tim.o
    0x08003da2   0x08003da2   0x00000002   Code   RO         2899    i.HAL_TIM_TriggerCallback  stm32g4xx_hal_tim.o
    0x08003da4   0x08003da4   0x0000003e   Code   RO         4371    i.HAL_UARTEx_DisableFifoMode  stm32g4xx_hal_uart_ex.o
    0x08003de2   0x08003de2   0x00000002   Code   RO         3960    i.HAL_UARTEx_RxEventCallback  stm32g4xx_hal_uart.o
    0x08003de4   0x08003de4   0x00000002   Code   RO         4378    i.HAL_UARTEx_RxFifoFullCallback  stm32g4xx_hal_uart_ex.o
    0x08003de6   0x08003de6   0x0000004c   Code   RO         4379    i.HAL_UARTEx_SetRxFifoThreshold  stm32g4xx_hal_uart_ex.o
    0x08003e32   0x08003e32   0x0000004c   Code   RO         4380    i.HAL_UARTEx_SetTxFifoThreshold  stm32g4xx_hal_uart_ex.o
    0x08003e7e   0x08003e7e   0x00000002   Code   RO         4382    i.HAL_UARTEx_TxFifoEmptyCallback  stm32g4xx_hal_uart_ex.o
    0x08003e80   0x08003e80   0x00000002   Code   RO         4383    i.HAL_UARTEx_WakeupCallback  stm32g4xx_hal_uart_ex.o
    0x08003e82   0x08003e82   0x00000002   Code   RO         3976    i.HAL_UART_ErrorCallback  stm32g4xx_hal_uart.o
    0x08003e84   0x08003e84   0x00000284   Code   RO         3979    i.HAL_UART_IRQHandler  stm32g4xx_hal_uart.o
    0x08004108   0x08004108   0x0000006a   Code   RO         3980    i.HAL_UART_Init     stm32g4xx_hal_uart.o
    0x08004172   0x08004172   0x00000002   PAD
    0x08004174   0x08004174   0x0000008c   Code   RO          719    i.HAL_UART_MspInit  usart.o
    0x08004200   0x08004200   0x0000004c   Code   RO         3985    i.HAL_UART_Receive_IT  stm32g4xx_hal_uart.o
    0x0800424c   0x0800424c   0x00000044   Code   RO          449    i.HAL_UART_RxCpltCallback  main.o
    0x08004290   0x08004290   0x000000bc   Code   RO         3989    i.HAL_UART_Transmit  stm32g4xx_hal_uart.o
    0x0800434c   0x0800434c   0x00000002   Code   RO         3992    i.HAL_UART_TxCpltCallback  stm32g4xx_hal_uart.o
    0x0800434e   0x0800434e   0x00000002   Code   RO          763    i.HardFault_Handler  stm32g4xx_it.o
    0x08004350   0x08004350   0x0000002c   Code   RO          336    i.I2CInit           i2c_hal.o
    0x0800437c   0x0800437c   0x0000004e   Code   RO          337    i.I2CReceiveByte    i2c_hal.o
    0x080043ca   0x080043ca   0x0000004e   Code   RO          339    i.I2CSendByte       i2c_hal.o
    0x08004418   0x08004418   0x00000030   Code   RO          340    i.I2CSendNotAck     i2c_hal.o
    0x08004448   0x08004448   0x00000036   Code   RO          341    i.I2CStart          i2c_hal.o
    0x0800447e   0x0800447e   0x00000036   Code   RO          342    i.I2CStop           i2c_hal.o
    0x080044b4   0x080044b4   0x0000004e   Code   RO          343    i.I2CWaitAck        i2c_hal.o
    0x08004502   0x08004502   0x00000002   PAD
    0x08004504   0x08004504   0x000003b4   Code   RO          450    i.KEY_Proc          main.o
    0x080048b8   0x080048b8   0x00000040   Code   RO          451    i.KEY_Scan          main.o
    0x080048f8   0x080048f8   0x0000002c   Code   RO           14    i.LCD_BusIn         lcd.o
    0x08004924   0x08004924   0x00000030   Code   RO           15    i.LCD_BusOut        lcd.o
    0x08004954   0x08004954   0x00000034   Code   RO           16    i.LCD_Clear         lcd.o
    0x08004988   0x08004988   0x00000090   Code   RO           18    i.LCD_CtrlLinesConfig  lcd.o
    0x08004a18   0x08004a18   0x00000028   Code   RO           19    i.LCD_DisplayChar   lcd.o
    0x08004a40   0x08004a40   0x00000040   Code   RO           22    i.LCD_DisplayStringLine  lcd.o
    0x08004a80   0x08004a80   0x00000058   Code   RO           23    i.LCD_DrawChar      lcd.o
    0x08004ad8   0x08004ad8   0x00000040   Code   RO           29    i.LCD_Init          lcd.o
    0x08004b18   0x08004b18   0x000002dc   Code   RO          452    i.LCD_Proc          main.o
    0x08004df4   0x08004df4   0x00000080   Code   RO           32    i.LCD_ReadReg       lcd.o
    0x08004e74   0x08004e74   0x00000010   Code   RO           33    i.LCD_SetBackColor  lcd.o
    0x08004e84   0x08004e84   0x00000018   Code   RO           34    i.LCD_SetCursor     lcd.o
    0x08004e9c   0x08004e9c   0x00000010   Code   RO           36    i.LCD_SetTextColor  lcd.o
    0x08004eac   0x08004eac   0x00000058   Code   RO           39    i.LCD_WriteRAM      lcd.o
    0x08004f04   0x08004f04   0x0000005c   Code   RO           40    i.LCD_WriteRAM_Prepare  lcd.o
    0x08004f60   0x08004f60   0x00000074   Code   RO           41    i.LCD_WriteReg      lcd.o
    0x08004fd4   0x08004fd4   0x00000094   Code   RO          453    i.LED_Proc          main.o
    0x08005068   0x08005068   0x0000003c   Code   RO          454    i.LED_Show          main.o
    0x080050a4   0x080050a4   0x0000000c   Code   RO          914    i.LL_ADC_GetOffsetChannel  stm32g4xx_hal_adc.o
    0x080050b0   0x080050b0   0x00000008   Code   RO          915    i.LL_ADC_INJ_IsConversionOngoing  stm32g4xx_hal_adc.o
    0x080050b8   0x080050b8   0x00000008   Code   RO          916    i.LL_ADC_REG_IsConversionOngoing  stm32g4xx_hal_adc.o
    0x080050c0   0x080050c0   0x00000010   Code   RO          917    i.LL_ADC_REG_IsTriggerSourceSWStart  stm32g4xx_hal_adc.o
    0x080050d0   0x080050d0   0x0000001e   Code   RO          919    i.LL_ADC_SetChannelSamplingTime  stm32g4xx_hal_adc.o
    0x080050ee   0x080050ee   0x00000010   Code   RO          920    i.LL_ADC_SetOffsetState  stm32g4xx_hal_adc.o
    0x080050fe   0x080050fe   0x00000002   PAD
    0x08005100   0x08005100   0x0000009c   Code   RO          594    i.MX_ADC2_Init      adc.o
    0x0800519c   0x0800519c   0x000000d4   Code   RO          568    i.MX_GPIO_Init      gpio.o
    0x08005270   0x08005270   0x00000098   Code   RO          639    i.MX_TIM17_Init     tim.o
    0x08005308   0x08005308   0x0000006c   Code   RO          640    i.MX_TIM2_Init      tim.o
    0x08005374   0x08005374   0x0000006c   Code   RO          641    i.MX_TIM3_Init      tim.o
    0x080053e0   0x080053e0   0x00000068   Code   RO          642    i.MX_TIM4_Init      tim.o
    0x08005448   0x08005448   0x00000048   Code   RO          643    i.MX_TIM7_Init      tim.o
    0x08005490   0x08005490   0x00000068   Code   RO          720    i.MX_USART1_UART_Init  usart.o
    0x080054f8   0x080054f8   0x00000002   Code   RO          764    i.MemManage_Handler  stm32g4xx_it.o
    0x080054fa   0x080054fa   0x00000002   Code   RO          765    i.NMI_Handler       stm32g4xx_it.o
    0x080054fc   0x080054fc   0x00000030   Code   RO          455    i.PWM_Proc          main.o
    0x0800552c   0x0800552c   0x00000002   Code   RO          766    i.PendSV_Handler    stm32g4xx_it.o
    0x0800552e   0x0800552e   0x00000112   Code   RO           42    i.REG_8230_Init     lcd.o
    0x08005640   0x08005640   0x00000202   Code   RO           43    i.REG_932X_Init     lcd.o
    0x08005842   0x08005842   0x00000002   PAD
    0x08005844   0x08005844   0x00000018   Code   RO          344    i.SCL_Output        i2c_hal.o
    0x0800585c   0x0800585c   0x00000018   Code   RO          345    i.SDA_Input         i2c_hal.o
    0x08005874   0x08005874   0x0000002c   Code   RO          346    i.SDA_Input_Mode    i2c_hal.o
    0x080058a0   0x080058a0   0x00000018   Code   RO          347    i.SDA_Output        i2c_hal.o
    0x080058b8   0x080058b8   0x0000002c   Code   RO          348    i.SDA_Output_Mode   i2c_hal.o
    0x080058e4   0x080058e4   0x00000002   Code   RO          767    i.SVC_Handler       stm32g4xx_it.o
    0x080058e6   0x080058e6   0x00000004   Code   RO          768    i.SysTick_Handler   stm32g4xx_it.o
    0x080058ea   0x080058ea   0x00000066   Code   RO          456    i.SystemClock_Config  main.o
    0x08005950   0x08005950   0x00000010   Code   RO         4484    i.SystemInit        system_stm32g4xx.o
    0x08005960   0x08005960   0x0000000c   Code   RO          769    i.TIM2_IRQHandler   stm32g4xx_it.o
    0x0800596c   0x0800596c   0x0000000c   Code   RO          770    i.TIM4_IRQHandler   stm32g4xx_it.o
    0x08005978   0x08005978   0x000000b0   Code   RO         2901    i.TIM_Base_SetConfig  stm32g4xx_hal_tim.o
    0x08005a28   0x08005a28   0x0000001a   Code   RO         2902    i.TIM_CCxChannelCmd  stm32g4xx_hal_tim.o
    0x08005a42   0x08005a42   0x00000014   Code   RO         2912    i.TIM_ETR_SetConfig  stm32g4xx_hal_tim.o
    0x08005a56   0x08005a56   0x00000002   PAD
    0x08005a58   0x08005a58   0x00000014   Code   RO         2913    i.TIM_ITRx_SetConfig  stm32g4xx_hal_tim.o
    0x08005a6c   0x08005a6c   0x0000009c   Code   RO         2914    i.TIM_OC1_SetConfig  stm32g4xx_hal_tim.o
    0x08005b08   0x08005b08   0x00000090   Code   RO         2915    i.TIM_OC2_SetConfig  stm32g4xx_hal_tim.o
    0x08005b98   0x08005b98   0x00000090   Code   RO         2916    i.TIM_OC3_SetConfig  stm32g4xx_hal_tim.o
    0x08005c28   0x08005c28   0x00000090   Code   RO         2917    i.TIM_OC4_SetConfig  stm32g4xx_hal_tim.o
    0x08005cb8   0x08005cb8   0x00000070   Code   RO         2918    i.TIM_OC5_SetConfig  stm32g4xx_hal_tim.o
    0x08005d28   0x08005d28   0x00000070   Code   RO         2919    i.TIM_OC6_SetConfig  stm32g4xx_hal_tim.o
    0x08005d98   0x08005d98   0x00000022   Code   RO         2921    i.TIM_TI1_ConfigInputStage  stm32g4xx_hal_tim.o
    0x08005dba   0x08005dba   0x00000002   PAD
    0x08005dbc   0x08005dbc   0x0000006c   Code   RO         2922    i.TIM_TI1_SetConfig  stm32g4xx_hal_tim.o
    0x08005e28   0x08005e28   0x00000024   Code   RO         2923    i.TIM_TI2_ConfigInputStage  stm32g4xx_hal_tim.o
    0x08005e4c   0x08005e4c   0x00000036   Code   RO         2924    i.TIM_TI2_SetConfig  stm32g4xx_hal_tim.o
    0x08005e82   0x08005e82   0x00000002   PAD
    0x08005e84   0x08005e84   0x00000044   Code   RO         4384    i.UARTEx_SetNbDataToProcess  stm32g4xx_hal_uart_ex.o
    0x08005ec8   0x08005ec8   0x000000c8   Code   RO         3994    i.UART_AdvFeatureConfig  stm32g4xx_hal_uart.o
    0x08005f90   0x08005f90   0x00000060   Code   RO         3995    i.UART_CheckIdleState  stm32g4xx_hal_uart.o
    0x08005ff0   0x08005ff0   0x00000014   Code   RO         3996    i.UART_DMAAbortOnError  stm32g4xx_hal_uart.o
    0x08006004   0x08006004   0x00000038   Code   RO         4006    i.UART_EndRxTransfer  stm32g4xx_hal_uart.o
    0x0800603c   0x0800603c   0x00000080   Code   RO         4008    i.UART_RxISR_16BIT  stm32g4xx_hal_uart.o
    0x080060bc   0x080060bc   0x0000013c   Code   RO         4009    i.UART_RxISR_16BIT_FIFOEN  stm32g4xx_hal_uart.o
    0x080061f8   0x080061f8   0x00000080   Code   RO         4010    i.UART_RxISR_8BIT   stm32g4xx_hal_uart.o
    0x08006278   0x08006278   0x0000013c   Code   RO         4011    i.UART_RxISR_8BIT_FIFOEN  stm32g4xx_hal_uart.o
    0x080063b4   0x080063b4   0x00000274   Code   RO         4012    i.UART_SetConfig    stm32g4xx_hal_uart.o
    0x08006628   0x08006628   0x000000d8   Code   RO         4014    i.UART_Start_Receive_IT  stm32g4xx_hal_uart.o
    0x08006700   0x08006700   0x000000a4   Code   RO         4019    i.UART_WaitOnFlagUntilTimeout  stm32g4xx_hal_uart.o
    0x080067a4   0x080067a4   0x0000000c   Code   RO          771    i.USART1_IRQHandler  stm32g4xx_it.o
    0x080067b0   0x080067b0   0x00000124   Code   RO          457    i.USART_Proc        main.o
    0x080068d4   0x080068d4   0x00000002   Code   RO          772    i.UsageFault_Handler  stm32g4xx_it.o
    0x080068d6   0x080068d6   0x00000030   Code   RO         4666    i.__ARM_fpclassify  m_wm.l(fpclassify.o)
    0x08006906   0x08006906   0x00000020   Code   RO         2689    i.__NVIC_SetPriority  stm32g4xx_hal_cortex.o
    0x08006926   0x08006926   0x0000000e   Code   RO         4540    i._is_digit         c_w.l(__printf_wp.o)
    0x08006934   0x08006934   0x00000014   Code   RO          349    i.delay1            i2c_hal.o
    0x08006948   0x08006948   0x00000128   Code   RO          458    i.main              main.o
    0x08006a70   0x08006a70   0x0000002c   Code   RO         4662    locale$$code        c_w.l(lc_numeric_c.o)
    0x08006a9c   0x08006a9c   0x00000150   Code   RO         4563    x$fpl$dadd          fz_wm.l(daddsub_clz.o)
    0x08006bec   0x08006bec   0x00000018   Code   RO         4601    x$fpl$dcmpinf       fz_wm.l(dcmpi.o)
    0x08006c04   0x08006c04   0x000002b0   Code   RO         4570    x$fpl$ddiv          fz_wm.l(ddiv.o)
    0x08006eb4   0x08006eb4   0x00000026   Code   RO         4573    x$fpl$dfltu         fz_wm.l(dflt_clz.o)
    0x08006eda   0x08006eda   0x00000002   PAD
    0x08006edc   0x08006edc   0x00000078   Code   RO         4579    x$fpl$dleqf         fz_wm.l(dleqf.o)
    0x08006f54   0x08006f54   0x00000154   Code   RO         4581    x$fpl$dmul          fz_wm.l(dmul.o)
    0x080070a8   0x080070a8   0x0000009c   Code   RO         4603    x$fpl$dnaninf       fz_wm.l(dnaninf.o)
    0x08007144   0x08007144   0x0000000c   Code   RO         4605    x$fpl$dretinf       fz_wm.l(dretinf.o)
    0x08007150   0x08007150   0x0000006c   Code   RO         4583    x$fpl$drleqf        fz_wm.l(drleqf.o)
    0x080071bc   0x080071bc   0x000001d4   Code   RO         4565    x$fpl$dsub          fz_wm.l(daddsub_clz.o)
    0x08007390   0x08007390   0x0000000a   Code   RO         4740    x$fpl$fpinit        fz_wm.l(fpinit.o)
    0x0800739a   0x0800739a   0x00000004   Code   RO         4585    x$fpl$printf1       fz_wm.l(printf1.o)
    0x0800739e   0x0800739e   0x00000000   Code   RO         4607    x$fpl$usenofp       fz_wm.l(usenofp.o)
    0x0800739e   0x0800739e   0x000011d0   Data   RO           44    .constdata          lcd.o
    0x0800856e   0x0800856e   0x00000018   Data   RO         4020    .constdata          stm32g4xx_hal_uart.o
    0x08008586   0x08008586   0x00000010   Data   RO         4385    .constdata          stm32g4xx_hal_uart_ex.o
    0x08008596   0x08008596   0x00000010   Data   RO         4485    .constdata          system_stm32g4xx.o
    0x080085a6   0x080085a6   0x00000008   Data   RO         4486    .constdata          system_stm32g4xx.o
    0x080085ae   0x080085ae   0x00000002   PAD
    0x080085b0   0x080085b0   0x00000094   Data   RO         4637    .constdata          c_w.l(bigflt0.o)
    0x08008644   0x08008644   0x00000020   Data   RO         4811    Region$$Table       anon$$obj.o
    0x08008664   0x08008664   0x0000001c   Data   RO         4661    locale$$data        c_w.l(lc_numeric_c.o)


    Execution Region RW_IRAM1 (Exec base: 0x20000000, Load base: 0x08008680, Size: 0x00001b60, Max: 0x00008000, ABSOLUTE)

    Exec Addr    Load Addr    Size         Type   Attr      Idx    E Section Name        Object

    0x20000000   0x08008680   0x00000006   Data   RW           45    .data               lcd.o
    0x20000006   0x08008686   0x00000002   PAD
    0x20000008   0x08008688   0x00000048   Data   RW          460    .data               main.o
    0x20000050   0x080086d0   0x0000000c   Data   RW         1366    .data               stm32g4xx_hal.o
    0x2000005c   0x080086dc   0x00000004   Data   RW         4487    .data               system_stm32g4xx.o
    0x20000060        -       0x00001222   Zero   RW          459    .bss                main.o
    0x20001282   0x080086e0   0x00000002   PAD
    0x20001284        -       0x0000006c   Zero   RW          595    .bss                adc.o
    0x200012f0        -       0x0000017c   Zero   RW          644    .bss                tim.o
    0x2000146c        -       0x00000090   Zero   RW          721    .bss                usart.o
    0x200014fc        -       0x00000060   Zero   RW         4669    .bss                c_w.l(libspace.o)
    0x2000155c   0x080086e0   0x00000004   PAD
    0x20001560        -       0x00000200   Zero   RW            2    HEAP                startup_stm32g431xx.o
    0x20001760        -       0x00000400   Zero   RW            1    STACK               startup_stm32g431xx.o


==============================================================================

Image component sizes


      Code (inc. data)   RO Data    RW Data    ZI Data      Debug   Object Name

       292         28          0          0        108       1889   adc.o
       212         18          0          0          0       1055   gpio.o
       732         28          0          0          0       8965   i2c_hal.o
      1840         98       4560          6          0     689389   lcd.o
      2838        598          0         72       4642      10296   main.o
        64         26        472          0       1536        864   startup_stm32g431xx.o
       162         24          0         12          0       4453   stm32g4xx_hal.o
      3014        130          0          0          0      82580   stm32g4xx_hal_adc.o
       158         10          0          0          0      69919   stm32g4xx_hal_adc_ex.o
       198         14          0          0          0      33951   stm32g4xx_hal_cortex.o
       226          0          0          0          0       1995   stm32g4xx_hal_dma.o
       476         34          0          0          0       3183   stm32g4xx_hal_gpio.o
        48          6          0          0          0        906   stm32g4xx_hal_msp.o
       204         18          0          0          0       1441   stm32g4xx_hal_pwr_ex.o
      1696         92          0          0          0       6088   stm32g4xx_hal_rcc.o
       648         10          0          0          0       1916   stm32g4xx_hal_rcc_ex.o
      3766        326          0          0          0      25328   stm32g4xx_hal_tim.o
       342         32          0          0          0       6512   stm32g4xx_hal_tim_ex.o
      3288        128         24          0          0      35946   stm32g4xx_hal_uart.o
       288          6         16          0          0       5518   stm32g4xx_hal_uart_ex.o
        68         24          0          0          0       6274   stm32g4xx_it.o
        16          4         24          4          0       1187   system_stm32g4xx.o
       868         74          0          0        380       6007   tim.o
       244         18          0          0        144       1874   usart.o

    ----------------------------------------------------------------------
     21722       1746       5130         96       6812    1007536   Object Totals
         0          0         32          0          0          0   (incl. Generated)
        34          0          2          2          2          0   (incl. Padding)

    ----------------------------------------------------------------------

      Code (inc. data)   RO Data    RW Data    ZI Data      Debug   Library Member Name

         8          0          0          0          0         68   __main.o
       284          0          0          0          0        156   __printf_wp.o
         0          0          0          0          0          0   __rtentry.o
        12          0          0          0          0          0   __rtentry2.o
         6          0          0          0          0          0   __rtentry4.o
        52          8          0          0          0          0   __scatter.o
        26          0          0          0          0          0   __scatter_copy.o
        28          0          0          0          0          0   __scatter_zi.o
        48          6          0          0          0         96   _printf_char_common.o
         6          0          0          0          0          0   _printf_d.o
       120         16          0          0          0         92   _printf_dec.o
         6          0          0          0          0          0   _printf_f.o
      1054          0          0          0          0        216   _printf_fp_dec.o
       128         16          0          0          0         84   _printf_fp_infnan.o
       178          0          0          0          0         88   _printf_intcommon.o
         0          0          0          0          0          0   _printf_percent.o
         4          0          0          0          0          0   _printf_percent_end.o
        10          0          0          0          0         68   _sputc.o
       228          4        148          0          0         96   bigflt0.o
      1936        128          0          0          0        672   btod.o
        18          0          0          0          0         80   exit.o
         6          0          0          0          0        152   heapauxi.o
         0          0          0          0          0          0   indicate_semi.o
        44         10         28          0          0         76   lc_numeric_c.o
         2          0          0          0          0          0   libinit.o
        22          0          0          0          0          0   libinit2.o
         2          0          0          0          0          0   libshutdown.o
         2          0          0          0          0          0   libshutdown2.o
         8          4          0          0         96         68   libspace.o
       138          0          0          0          0         80   lludiv10.o
       238          0          0          0          0        100   lludivv7m.o
        40          6          0          0          0         84   noretval__2sprintf.o
         8          4          0          0          0         68   rt_locale_intlibspace.o
        68          0          0          0          0         68   rt_memclr.o
        78          0          0          0          0         80   rt_memclr_w.o
         2          0          0          0          0          0   rtexit.o
        10          0          0          0          0          0   rtexit2.o
       128          0          0          0          0         68   strcmpv7m.o
        12          4          0          0          0         68   sys_exit.o
        74          0          0          0          0         80   sys_stackheap_outer.o
         2          0          0          0          0         68   use_no_semi.o
       804         16          0          0          0        368   daddsub_clz.o
        24          0          0          0          0        116   dcmpi.o
       688        140          0          0          0        256   ddiv.o
        38          0          0          0          0        116   dflt_clz.o
       120          4          0          0          0        140   dleqf.o
       340         12          0          0          0        152   dmul.o
       156          4          0          0          0        140   dnaninf.o
        12          0          0          0          0        116   dretinf.o
       108          0          0          0          0        128   drleqf.o
        10          0          0          0          0        116   fpinit.o
         4          0          0          0          0        116   printf1.o
         0          0          0          0          0          0   usenofp.o
        48          0          0          0          0        124   fpclassify.o

    ----------------------------------------------------------------------
      7404        382        176          0        100       4664   Library Totals
        16          0          0          0          4          0   (incl. Padding)

    ----------------------------------------------------------------------

      Code (inc. data)   RO Data    RW Data    ZI Data      Debug   Library Name

      5036        206        176          0         96       2776   c_w.l
      2304        176          0          0          0       1764   fz_wm.l
        48          0          0          0          0        124   m_wm.l

    ----------------------------------------------------------------------
      7404        382        176          0        100       4664   Library Totals

    ----------------------------------------------------------------------

==============================================================================


      Code (inc. data)   RO Data    RW Data    ZI Data      Debug   

     29126       2128       5306         96       6912     991792   Grand Totals
     29126       2128       5306         96       6912     991792   ELF Image Totals
     29126       2128       5306         96          0          0   ROM Totals

==============================================================================

    Total RO  Size (Code + RO Data)                34432 (  33.63kB)
    Total RW  Size (RW Data + ZI Data)              7008 (   6.84kB)
    Total ROM Size (Code + RO Data + RW Data)      34528 (  33.72kB)

==============================================================================

