<html>
<body>
<pre>
<h1>µVision Build Log</h1>
<h2>Tool Versions:</h2>
IDE-Version: ¦ÌVision V5.41.0.0
Copyright (C) 2024 ARM Ltd and ARM Germany GmbH. All rights reserved.
License Information: 1 Lenovo, `, LIC=21E4T-RIP5G-FWU2N-Y8IAM-W3ZTJ-2NM6N
 
Tool Versions:
Toolchain:       MDK-ARM Plus  Version: 5.41.0.0
Toolchain Path:  E:\keil_v5\keil_mdk\ARM\ARMCC\Bin
C Compiler:      Armcc.exe V5.06 update 7 (build 960)
Assembler:       Armasm.exe V5.06 update 7 (build 960)
Linker/Locator:  ArmLink.exe V5.06 update 7 (build 960)
Library Manager: ArmAr.exe V5.06 update 7 (build 960)
Hex Converter:   FromElf.exe V5.06 update 7 (build 960)
CPU DLL:         SARMCM3.DLL V5.41.0.0
Dialog DLL:      DARMSTM.DLL V1.69.1.0
Target DLL:      CMSIS_AGDI.dll V1.33.21.0
Dialog DLL:      TCM.DLL V1.56.4.0
 
<h2>Project:</h2>
E:\keil_v5\keil_mdk\Code_proj\6-Î»´ø²Ù×÷\Template.uvprojx
Project File Date:  11/28/2024

<h2>Output:</h2>
*** Using Compiler 'V5.06 update 7 (build 960)', folder: 'E:\keil_v5\keil_mdk\ARM\ARMCC\Bin'
Rebuild target 'Target_1'
assembling startup_stm32f10x_hd.s...
compiling stm32f10x_gpio.c...
compiling main.c...
.\Public\system.h(53): warning:  #1-D: last line of file ends without a newline
  #endif
.\APP\led\led.h(16): warning:  #1295-D: Deprecated declaration LED_Init - give arg types
  void LED_Init();
.\APP\led\led.h(18): warning:  #1-D: last line of file ends without a newline
  #endif
User\main.c(27): warning:  #1-D: last line of file ends without a newline
  }
User\main.c: 4 warnings, 0 errors
compiling led.c...
.\Public\system.h(53): warning:  #1-D: last line of file ends without a newline
  #endif
APP\led\led.h(16): warning:  #1295-D: Deprecated declaration LED_Init - give arg types
  void LED_Init();
APP\led\led.h(18): warning:  #1-D: last line of file ends without a newline
  #endif
APP\led\led.c(20): warning:  #1-D: last line of file ends without a newline
  }
APP\led\led.c: 4 warnings, 0 errors
compiling stm32f10x_it.c...
compiling system.c...
Public\system.c(1): warning:  #1-D: last line of file ends without a newline
  #include "system.h"
Public\system.h(53): warning:  #1-D: last line of file ends without a newline
  #endif
Public\system.c: 2 warnings, 0 errors
compiling core_cm3.c...
compiling system_stm32f10x.c...
compiling stm32f10x_rcc.c...
linking...
Program Size: Code=816 RO-data=320 RW-data=0 ZI-data=1024  
FromELF: creating hex file...
".\Obj\Template.axf" - 0 Error(s), 10 Warning(s).

<h2>Software Packages used:</h2>

Package Vendor: Keil
                https://www.keil.com/pack/Keil.STM32F1xx_DFP.2.4.1.pack
                Keil::STM32F1xx_DFP@2.4.1
                STMicroelectronics STM32F1 Series Device Support, Drivers and Examples

<h2>Collection of Component include folders:</h2>
  E:/keil_v5/keil_mdk/ARM/Packs/Keil/STM32F1xx_DFP/2.4.1/Device/Include

<h2>Collection of Component Files used:</h2>
Build Time Elapsed:  00:00:02
</pre>
</body>
</html>
