<html>
<body>
<pre>
<h1>礦ision Build Log</h1>
<h2>Tool Versions:</h2>
IDE-Version: μVision V5.41.0.0
Copyright (C) 2024 ARM Ltd and ARM Germany GmbH. All rights reserved.
License Information: 1 Lenovo, `, LIC=21E4T-RIP5G-FWU2N-Y8IAM-W3ZTJ-2NM6N
 
Tool Versions:
Toolchain:       MDK-ARM Plus  Version: 5.41.0.0
Toolchain Path:  E:\keil_v5\keil_mdk\ARM\ARMCC\Bin
C Compiler:      Armcc.exe V5.06 update 7 (build 960)
Assembler:       Armasm.exe V5.06 update 7 (build 960)
Linker/Locator:  ArmLink.exe V5.06 update 7 (build 960)
Library Manager: ArmAr.exe V5.06 update 7 (build 960)
Hex Converter:   FromElf.exe V5.06 update 7 (build 960)
CPU DLL:         SARMCM3.DLL V5.41.0.0
Dialog DLL:      DCM.DLL V1.17.5.0
Target DLL:      CMSIS_AGDI.dll V1.33.21.0
Dialog DLL:      TCM.DLL V1.56.4.0
 
<h2>Project:</h2>
E:\keil_v5\keil_mdk\Code_proj\内部温度+外部温度显示ttflcd\Template.uvprojx
Project File Date:  11/19/2024

<h2>Output:</h2>
*** Using Compiler 'V5.06 update 7 (build 960)', folder: 'E:\keil_v5\keil_mdk\ARM\ARMCC\Bin'
Rebuild target 'Target 1'
assembling startup_stm32f10x_hd.s...
compiling main.c...
User\main.c(39): warning:  #223-D: function "printf" declared implicitly
                  printf("内部温度检测值为 -");
User\main.c(41): warning:  #223-D: function "printf" declared implicitly
                  printf("内部温度检测值为 +");
User\main.c(43): warning:  #223-D: function "sprintf" declared implicitly
              sprintf(str, "%.2f", temp1);
User\main.c(46): warning:  #167-D: argument of type "char *" is incompatible with parameter of type "u8 *"
              LCD_ShowString(150, 80 ,tftlcd_data.width,tftlcd_data.height,24,str);
User\main.c: 4 warnings, 0 errors
compiling stm32f10x_adc.c...
compiling stm32f10x_it.c...
compiling stm32f10x_exti.c...
compiling misc.c...
compiling stm32f10x_gpio.c...
compiling stm32f10x_rcc.c...
compiling stm32f10x_usart.c...
compiling stm32f10x_tim.c...
compiling stm32f10x_fsmc.c...
compiling system_stm32f10x.c...
compiling led.c...
compiling core_cm3.c...
compiling adc_temp.c...
compiling dht11.c...
compiling key.c...
compiling tftlcd.c...
APP\tftlcd\tftlcd.c(1116): warning:  #177-D: variable "g"  was declared but never referenced
   	u16 r=0,g=0,b=0;
APP\tftlcd\tftlcd.c(1116): warning:  #177-D: variable "b"  was declared but never referenced
   	u16 r=0,g=0,b=0;
APP\tftlcd\tftlcd.c(1117): warning:  #177-D: variable "r1"  was declared but never referenced
  	u16 r1,r2,r3;
APP\tftlcd\tftlcd.c(1117): warning:  #177-D: variable "r2"  was declared but never referenced
  	u16 r1,r2,r3;
APP\tftlcd\tftlcd.c(1117): warning:  #177-D: variable "r3"  was declared but never referenced
  	u16 r1,r2,r3;
APP\tftlcd\tftlcd.c(1118): warning:  #177-D: variable "value"  was declared but never referenced
  	u32 value;
APP\tftlcd\tftlcd.c(1517): warning:  #223-D: function "printf" declared implicitly
   	printf(" LCD ID:%x\r\n",tftlcd_data.id); //打印LCD ID
APP\tftlcd\tftlcd.c(4238): warning:  #550-D: variable "num"  was set but never used
  	long tmp=0,num=0;
APP\tftlcd\tftlcd.c: 8 warnings, 0 errors
compiling system.c...
compiling exti.c...
APP\exti\exti.c(46): warning:  #223-D: function "sprintf" declared implicitly
              sprintf(str, "%d ℃", temp);
APP\exti\exti.c(49): warning:  #167-D: argument of type "char *" is incompatible with parameter of type "u8 *"
              LCD_ShowString(150, 110 ,tftlcd_data.width,tftlcd_data.height,24,str);
APP\exti\exti.c: 2 warnings, 0 errors
compiling SysTick.c...
compiling usart.c...
linking...
Program Size: Code=10320 RO-data=19640 RW-data=44 ZI-data=1484  
FromELF: creating hex file...
".\Obj\Template.axf" - 0 Error(s), 14 Warning(s).

<h2>Software Packages used:</h2>

Package Vendor: Keil
                https://www.keil.com/pack/Keil.STM32F1xx_DFP.2.4.1.pack
                Keil::STM32F1xx_DFP@2.4.1
                STMicroelectronics STM32F1 Series Device Support, Drivers and Examples

<h2>Collection of Component include folders:</h2>
  E:/keil_v5/keil_mdk/ARM/Packs/Keil/STM32F1xx_DFP/2.4.1/Device/Include

<h2>Collection of Component Files used:</h2>
Build Time Elapsed:  00:00:02
</pre>
</body>
</html>
