<html>
<body>
<pre>
<h1>礦ision Build Log</h1>
<h2>Tool Versions:</h2>
IDE-Version: μVision V5.41.0.0
Copyright (C) 2024 ARM Ltd and ARM Germany GmbH. All rights reserved.
License Information: 1 Lenovo, `, LIC=21E4T-RIP5G-FWU2N-Y8IAM-W3ZTJ-2NM6N
 
Tool Versions:
Toolchain:       MDK-ARM Plus  Version: 5.41.0.0
Toolchain Path:  E:\keil_v5\keil_mdk\ARM\ARMCC\Bin
C Compiler:      Armcc.exe V5.06 update 7 (build 960)
Assembler:       Armasm.exe V5.06 update 7 (build 960)
Linker/Locator:  ArmLink.exe V5.06 update 7 (build 960)
Library Manager: ArmAr.exe V5.06 update 7 (build 960)
Hex Converter:   FromElf.exe V5.06 update 7 (build 960)
CPU DLL:         SARMCM3.DLL V5.41.0.0
Dialog DLL:      DARMSTM.DLL V1.69.1.0
Target DLL:      CMSIS_AGDI.dll V1.33.21.0
Dialog DLL:      TCM.DLL V1.56.4.0
 
<h2>Project:</h2>
E:\keil_v5\keil_mdk\Code_proj\智能家居系统\Template.uvprojx
Project File Date:  12/08/2024

<h2>Output:</h2>
*** Using Compiler 'V5.06 update 7 (build 960)', folder: 'E:\keil_v5\keil_mdk\ARM\ARMCC\Bin'
Rebuild target 'Target 1'
assembling startup_stm32f10x_hd.s...
compiling stm32f10x_it.c...
compiling stm32f10x_rcc.c...
compiling stm32f10x_exti.c...
compiling main.c...
User\main.c(73): warning:  #167-D: argument of type "char *" is incompatible with parameter of type "u8 *"
              LCD_ShowString(85, 80, tftlcd_data.width, tftlcd_data.height, 24, str);
User\main.c(76): warning:  #167-D: argument of type "char *" is incompatible with parameter of type "u8 *"
              LCD_ShowString(80, 120, tftlcd_data.width, tftlcd_data.height, 24, str);
User\main.c(79): warning:  #167-D: argument of type "char *" is incompatible with parameter of type "u8 *"
              LCD_ShowString(150, 160, tftlcd_data.width, tftlcd_data.height, 24, str);
User\main.c(89): warning:  #167-D: argument of type "char *" is incompatible with parameter of type "u8 *"
              LCD_ShowString(150, 240, tftlcd_data.width, tftlcd_data.height, 24, str);
User\main.c: 4 warnings, 0 errors
compiling stm32f10x_iwdg.c...
compiling stm32f10x_gpio.c...
compiling stm32f10x_usart.c...
compiling misc.c...
compiling stm32f10x_tim.c...
compiling stm32f10x_wwdg.c...
compiling stm32f10x_bkp.c...
compiling stm32f10x_pwr.c...
compiling stm32f10x_adc.c...
compiling stm32f10x_dac.c...
compiling stm32f10x_dma.c...
compiling stm32f10x_rtc.c...
compiling stm32f10x_can.c...
compiling stm32f10x_fsmc.c...
compiling system_stm32f10x.c...
compiling stm32f10x_spi.c...
compiling led.c...
compiling core_cm3.c...
compiling dht11.c...
compiling beep.c...
compiling MqttKit.c...
compiling onenet.c...
APP\onenet\onenet.c(152): warning:  #177-D: variable "mqttPacket"  was declared but never referenced
  	MQTT_PACKET_STRUCTURE mqttPacket = {NULL, 0, 0, 0};								//协议包
APP\onenet\onenet.c: 1 warning, 0 errors
compiling cJSON.c...
APP\cjson\cJSON.c(55): warning:  #1293-D: assignment in condition
        if (!(copy = (char*)cJSON_malloc(len))) return 0;
APP\cjson\cJSON.c(278): warning:  #1293-D: assignment in condition
  	ptr=str;while ((token=*ptr) && ++len) {if (strchr("\"\\\b\f\n\r\t",token)) len++; else if (token<32) len+=5;ptr++;}
APP\cjson\cJSON.c(352): warning:  #111-D: statement is unreachable
  	return p.buffer;
APP\cjson\cJSON.c(423): warning:  #1293-D: assignment in condition
  		if (!(new_item=cJSON_New_Item())) return 0; 	/* memory fail */
APP\cjson\cJSON.c(535): warning:  #1293-D: assignment in condition
  		if (!(new_item=cJSON_New_Item()))	return 0; /* memory fail */
APP\cjson\cJSON.c: 5 warnings, 0 errors
compiling esp8266.c...
compiling lsens.c...
compiling HC_SR.c...
compiling step_motor.c...
compiling tftlcd.c...
APP\tftlcd\tftlcd.c(667): warning:  #550-D: variable "num"  was set but never used
      u16 num = 0;
APP\tftlcd\tftlcd.c: 1 warning, 0 errors
compiling adc.c...
compiling mq2_fire.c...
compiling dma.c...
compiling system.c...
compiling SysTick.c...
compiling usart.c...
linking...
Program Size: Code=25302 RO-data=22066 RW-data=124 ZI-data=2124  
FromELF: creating hex file...
".\Obj\Template.axf" - 0 Error(s), 11 Warning(s).

<h2>Software Packages used:</h2>

Package Vendor: Keil
                https://www.keil.com/pack/Keil.STM32F1xx_DFP.2.4.1.pack
                Keil::STM32F1xx_DFP@2.4.1
                STMicroelectronics STM32F1 Series Device Support, Drivers and Examples

<h2>Collection of Component include folders:</h2>
  E:/keil_v5/keil_mdk/ARM/Packs/Keil/STM32F1xx_DFP/2.4.1/Device/Include

<h2>Collection of Component Files used:</h2>
Build Time Elapsed:  00:00:04
</pre>
</body>
</html>
