<html>
<body>
<pre>
<h1>µVision Build Log</h1>
<h2>Tool Versions:</h2>
IDE-Version: ¦ÌVision V5.41.0.0
Copyright (C) 2024 ARM Ltd and ARM Germany GmbH. All rights reserved.
License Information: 1 Lenovo, `, LIC=21E4T-RIP5G-FWU2N-Y8IAM-W3ZTJ-2NM6N
 
Tool Versions:
Toolchain:       MDK-ARM Plus  Version: 5.41.0.0
Toolchain Path:  E:\keil_v5\keil_mdk\ARM\ARMCC\Bin
C Compiler:      Armcc.exe V5.06 update 7 (build 960)
Assembler:       Armasm.exe V5.06 update 7 (build 960)
Linker/Locator:  ArmLink.exe V5.06 update 7 (build 960)
Library Manager: ArmAr.exe V5.06 update 7 (build 960)
Hex Converter:   FromElf.exe V5.06 update 7 (build 960)
CPU DLL:         SARMCM3.DLL V5.41.0.0
Dialog DLL:      DCM.DLL V1.17.5.0
Target DLL:      UL2CM3.DLL V1.164.14.0
Dialog DLL:      TCM.DLL V1.56.4.0
 
<h2>Project:</h2>
E:\keil_v5\keil_mdk\Code_proj\2-STM32F107_ETH_LwIP_V1.0.0\Project\RVMDK\Project.uvprojx
Project File Date:  12/10/2024

<h2>Output:</h2>
*** Using Compiler 'V5.06 update 7 (build 960)', folder: 'E:\keil_v5\keil_mdk\ARM\ARMCC\Bin'
Rebuild target 'ETH'
compiling helloworld.c...
compiling tftputils.c...
compiling main.c...
compiling tftpserver.c...
compiling stm32f10x_it.c...
compiling stm32f107.c...
compiling client.c...
..\..\Utilities\lwip-1.3.1\port\client.c(38): warning:  #550-D: variable "TcpPCB"  was set but never used
  static struct tcp_pcb *TcpPCB;
..\..\Utilities\lwip-1.3.1\port\client.c: 1 warning, 0 errors
compiling stm32f10x_usart.c...
compiling server.c...
..\..\Utilities\lwip-1.3.1\port\server.c(167): warning:  #550-D: variable "data"  was set but never used
    char data;
..\..\Utilities\lwip-1.3.1\port\server.c: 1 warning, 0 errors
compiling httpd.c...
compiling netconf.c...
compiling stm32f10x_gpio.c...
compiling stm32f10x_spi.c...
compiling stm32f10x_exti.c...
compiling stm32f10x_rcc.c...
compiling stm32f10x_flash.c...
compiling misc.c...
compiling tcpip.c...
compiling api_lib.c...
compiling netbuf.c...
compiling stm32f10x_adc.c...
compiling stm32f10x_i2c.c...
compiling netifapi.c...
compiling stm32f10x_tim.c...
compiling err.c...
compiling stats.c...
compiling ethernetif.c...
compiling netdb.c...
compiling api_msg.c...
compiling sys.c...
compiling stm32_eth.c...
compiling tcp.c...
compiling tcp_out.c...
..\..\Utilities\lwip-1.3.1\src\core\tcp_out.c(458): warning:  #550-D: variable "tcphdr"  was set but never used
    struct tcp_hdr *tcphdr;
..\..\Utilities\lwip-1.3.1\src\core\tcp_out.c(871): warning:  #550-D: variable "tcphdr"  was set but never used
    struct tcp_hdr *tcphdr;
..\..\Utilities\lwip-1.3.1\src\core\tcp_out.c(925): warning:  #550-D: variable "tcphdr"  was set but never used
    struct tcp_hdr *tcphdr;
..\..\Utilities\lwip-1.3.1\src\core\tcp_out.c: 3 warnings, 0 errors
compiling tcp_in.c...
compiling udp.c...
compiling init.c...
compiling dhcp.c...
compiling autoip.c...
compiling mem.c...
..\..\Utilities\lwip-1.3.1\src\core\mem.c(184): warning:  #550-D: variable "mem_sem"  was set but never used
  static sys_sem_t mem_sem;
..\..\Utilities\lwip-1.3.1\src\core\mem.c: 1 warning, 0 errors
compiling netif.c...
compiling pbuf.c...
compiling raw.c...
compiling memp.c...
compiling igmp.c...
compiling icmp.c...
compiling inet.c...
compiling inet_chksum.c...
compiling ip_addr.c...
compiling ip.c...
compiling disc.c...
compiling dir.c...
..\..\Utilities\efsl\source\dir.c(245): warning:  #1293-D: assignment in condition
  		if((fclus=dir_findinBuf(buf,fatname,loc,mode))){
..\..\Utilities\efsl\source\dir.c(274): warning:  #1293-D: assignment in condition
  		if((cluster=dir_findinCluster(fs,Cache.DiscCluster,fatname,loc,mode))){
..\..\Utilities\efsl\source\dir.c(296): warning:  #1293-D: assignment in condition
  		if((fclus=dir_findinBuf(buf,fatname,loc,mode))){
..\..\Utilities\efsl\source\dir.c(322): warning:  #1293-D: assignment in condition
  	while((next=file_normalToFatName(next,ffnamec))){
..\..\Utilities\efsl\source\dir.c: 4 warnings, 0 errors
compiling ip_frag.c...
compiling extract.c...
compiling efs.c...
compiling etharp.c...
compiling fat.c...
compiling file.c...
compiling fs.c...
compiling ls.c...
compiling ioman.c...
compiling mkfs.c...
compiling partition.c...
compiling plibc.c...
compiling time.c...
assembling startup_stm32f10x_cl.s...
compiling ui.c...
compiling sd.c...
compiling core_cm3.c...
compiling system_stm32f10x.c...
compiling sd_stm32.c...
linking...
Program Size: Code=35260 RO-data=32576 RW-data=4864 ZI-data=52872  
".\Obj\STM3210C-EVAL.axf" - 0 Error(s), 10 Warning(s).

<h2>Software Packages used:</h2>

Package Vendor: Keil
                https://www.keil.com/pack/Keil.STM32F1xx_DFP.2.4.1.pack
                Keil::STM32F1xx_DFP@2.4.1
                STMicroelectronics STM32F1 Series Device Support, Drivers and Examples

<h2>Collection of Component include folders:</h2>
  E:/keil_v5/keil_mdk/ARM/Packs/Keil/STM32F1xx_DFP/2.4.1/Device/Include

<h2>Collection of Component Files used:</h2>
Build Time Elapsed:  00:00:03
</pre>
</body>
</html>
